<html>
<body>
<pre>
<h1>礦ision Build Log</h1>
<h2>Tool Versions:</h2>
IDE-Version: μVision V5.39.0.0
Copyright (C) 2023 ARM Ltd and ARM Germany GmbH. All rights reserved.
License Information: 1 ASUS, 1, LIC=GMZI6-DKTRE-12PLE-54HTQ-FZ8P2-Y8WLE
 
Tool Versions:
Toolchain:       MDK-ARM Plus  Version: 5.39.0.0
Toolchain Path:  D:\KEIL11\ARM\ARMCC\Bin
C Compiler:      Armcc.exe V5.06 update 6 (build 750)
Assembler:       Armasm.exe V5.06 update 6 (build 750)
Linker/Locator:  ArmLink.exe V5.06 update 6 (build 750)
Library Manager: ArmAr.exe V5.06 update 6 (build 750)
Hex Converter:   FromElf.exe V5.06 update 6 (build 750)
CPU DLL:         SARMCM3.DLL V5.39.0.0
Dialog DLL:      DCM.DLL V1.17.5.0
Target DLL:      CMSIS_AGDI.dll V1.33.16.0
Dialog DLL:      TCM.DLL V1.56.4.0
 
<h2>Project:</h2>
C:\Users\ASUS\Desktop\25赛季代码\全向new\Omnidirectional_remake_250720\Omnidirectional_remake_250714\Omnidirectional_remake_250501\MDK-ARM\H7_Base.uvprojx
Project File Date:  07/15/2025

<h2>Output:</h2>
*** Using Compiler 'V5.06 update 6 (build 750)', folder: 'D:\KEIL11\ARM\ARMCC\Bin'
Build target 'H7_Base'
compiling holder.c...
../MDK-ARM/SMC.h(35): warning:  #1-D: last line of file ends without a newline
  #endif
../CubotMiddleware/Devices/vt13.h(118): warning:  #1-D: last line of file ends without a newline
  #endif
..\CubotMiddleware\Modules\omnichassis.h(44): warning:  #381-D: extra ";" ignored
                double Vx;;                                                     //前后运动的速度
..\CubotMiddleware\Modules\holder.c(226): warning:  #1-D: last line of file ends without a newline
  }
..\CubotMiddleware\Modules\holder.c: 4 warnings, 0 errors
linking...
Program Size: Code=103124 RO-data=3212 RW-data=1540 ZI-data=412284  
FromELF: creating hex file...
"H7_Base\H7_Base.axf" - 0 Error(s), 4 Warning(s).

<h2>Software Packages used:</h2>

Package Vendor: ARM
                http://www.keil.com/pack/ARM.CMSIS.5.9.0.pack
                ARM::CMSIS@5.9.0
                CMSIS (Common Microcontroller Software Interface Standard)
   * Component: CORE Version: 5.6.0

Package Vendor: Keil
                https://www.keil.com/pack/Keil.STM32H7xx_DFP.2.3.1.pack
                Keil::STM32H7xx_DFP@2.3.1
                STMicroelectronics STM32H7 Series Device Support and Examples

<h2>Collection of Component include folders:</h2>
  ./RTE/_H7_Base
  D:/KEIL11/ARM/CMSIS/5.9.0/CMSIS/Core/Include
  D:/KEIL11/Keil/STM32H7xx_DFP/2.3.1/Drivers/CMSIS/Device/ST/STM32H7xx/Include

<h2>Collection of Component Files used:</h2>

   * Component: ARM::CMSIS:CORE@5.6.0
Build Time Elapsed:  00:00:02
</pre>
</body>
</html>
