Component: ARM Compiler 5.06 update 6 (build 750) Tool: armlink [4d35ed]

==============================================================================

Section Cross References

    startup_stm32h750xx.o(RESET) refers to startup_stm32h750xx.o(STACK) for __initial_sp
    startup_stm32h750xx.o(RESET) refers to startup_stm32h750xx.o(.text) for Reset_Handler
    startup_stm32h750xx.o(RESET) refers to stm32h7xx_it.o(i.NMI_Handler) for NMI_Handler
    startup_stm32h750xx.o(RESET) refers to stm32h7xx_it.o(i.HardFault_Handler) for HardFault_Handler
    startup_stm32h750xx.o(RESET) refers to stm32h7xx_it.o(i.MemManage_Handler) for MemManage_Handler
    startup_stm32h750xx.o(RESET) refers to stm32h7xx_it.o(i.BusFault_Handler) for BusFault_Handler
    startup_stm32h750xx.o(RESET) refers to stm32h7xx_it.o(i.UsageFault_Handler) for UsageFault_Handler
    startup_stm32h750xx.o(RESET) refers to stm32h7xx_it.o(i.SVC_Handler) for SVC_Handler
    startup_stm32h750xx.o(RESET) refers to stm32h7xx_it.o(i.DebugMon_Handler) for DebugMon_Handler
    startup_stm32h750xx.o(RESET) refers to stm32h7xx_it.o(i.PendSV_Handler) for PendSV_Handler
    startup_stm32h750xx.o(RESET) refers to stm32h7xx_it.o(i.SysTick_Handler) for SysTick_Handler
    startup_stm32h750xx.o(RESET) refers to stm32h7xx_it.o(i.DMA1_Stream0_IRQHandler) for DMA1_Stream0_IRQHandler
    startup_stm32h750xx.o(RESET) refers to stm32h7xx_it.o(i.DMA1_Stream1_IRQHandler) for DMA1_Stream1_IRQHandler
    startup_stm32h750xx.o(RESET) refers to stm32h7xx_it.o(i.DMA1_Stream2_IRQHandler) for DMA1_Stream2_IRQHandler
    startup_stm32h750xx.o(RESET) refers to stm32h7xx_it.o(i.DMA1_Stream3_IRQHandler) for DMA1_Stream3_IRQHandler
    startup_stm32h750xx.o(RESET) refers to stm32h7xx_it.o(i.DMA1_Stream4_IRQHandler) for DMA1_Stream4_IRQHandler
    startup_stm32h750xx.o(RESET) refers to stm32h7xx_it.o(i.DMA1_Stream5_IRQHandler) for DMA1_Stream5_IRQHandler
    startup_stm32h750xx.o(RESET) refers to stm32h7xx_it.o(i.DMA1_Stream6_IRQHandler) for DMA1_Stream6_IRQHandler
    startup_stm32h750xx.o(RESET) refers to stm32h7xx_it.o(i.FDCAN1_IT0_IRQHandler) for FDCAN1_IT0_IRQHandler
    startup_stm32h750xx.o(RESET) refers to stm32h7xx_it.o(i.FDCAN2_IT0_IRQHandler) for FDCAN2_IT0_IRQHandler
    startup_stm32h750xx.o(RESET) refers to stm32h7xx_it.o(i.SPI1_IRQHandler) for SPI1_IRQHandler
    startup_stm32h750xx.o(RESET) refers to stm32h7xx_it.o(i.USART1_IRQHandler) for USART1_IRQHandler
    startup_stm32h750xx.o(RESET) refers to stm32h7xx_it.o(i.USART2_IRQHandler) for USART2_IRQHandler
    startup_stm32h750xx.o(RESET) refers to stm32h7xx_it.o(i.USART3_IRQHandler) for USART3_IRQHandler
    startup_stm32h750xx.o(RESET) refers to stm32h7xx_it.o(i.TIM8_UP_TIM13_IRQHandler) for TIM8_UP_TIM13_IRQHandler
    startup_stm32h750xx.o(RESET) refers to stm32h7xx_it.o(i.TIM8_TRG_COM_TIM14_IRQHandler) for TIM8_TRG_COM_TIM14_IRQHandler
    startup_stm32h750xx.o(RESET) refers to stm32h7xx_it.o(i.DMA1_Stream7_IRQHandler) for DMA1_Stream7_IRQHandler
    startup_stm32h750xx.o(RESET) refers to stm32h7xx_it.o(i.UART4_IRQHandler) for UART4_IRQHandler
    startup_stm32h750xx.o(RESET) refers to stm32h7xx_it.o(i.UART5_IRQHandler) for UART5_IRQHandler
    startup_stm32h750xx.o(RESET) refers to stm32h7xx_it.o(i.DMA2_Stream0_IRQHandler) for DMA2_Stream0_IRQHandler
    startup_stm32h750xx.o(RESET) refers to stm32h7xx_it.o(i.DMA2_Stream1_IRQHandler) for DMA2_Stream1_IRQHandler
    startup_stm32h750xx.o(RESET) refers to stm32h7xx_it.o(i.DMA2_Stream2_IRQHandler) for DMA2_Stream2_IRQHandler
    startup_stm32h750xx.o(RESET) refers to stm32h7xx_it.o(i.DMA2_Stream3_IRQHandler) for DMA2_Stream3_IRQHandler
    startup_stm32h750xx.o(RESET) refers to stm32h7xx_it.o(i.DMA2_Stream4_IRQHandler) for DMA2_Stream4_IRQHandler
    startup_stm32h750xx.o(RESET) refers to stm32h7xx_it.o(i.DMA2_Stream5_IRQHandler) for DMA2_Stream5_IRQHandler
    startup_stm32h750xx.o(RESET) refers to stm32h7xx_it.o(i.DMA2_Stream6_IRQHandler) for DMA2_Stream6_IRQHandler
    startup_stm32h750xx.o(RESET) refers to stm32h7xx_it.o(i.USART6_IRQHandler) for USART6_IRQHandler
    startup_stm32h750xx.o(RESET) refers to stm32h7xx_it.o(i.UART7_IRQHandler) for UART7_IRQHandler
    startup_stm32h750xx.o(RESET) refers to stm32h7xx_it.o(i.UART8_IRQHandler) for UART8_IRQHandler
    startup_stm32h750xx.o(.text) refers to system_stm32h7xx.o(i.SystemInit) for SystemInit
    startup_stm32h750xx.o(.text) refers to entry.o(.ARM.Collect$$$$00000000) for __main
    main.o(i.SystemClock_Config) refers to memseta.o(.text) for __aeabi_memclr4
    main.o(i.SystemClock_Config) refers to stm32h7xx_hal_pwr_ex.o(i.HAL_PWREx_ConfigSupply) for HAL_PWREx_ConfigSupply
    main.o(i.SystemClock_Config) refers to stm32h7xx_hal_rcc.o(i.HAL_RCC_OscConfig) for HAL_RCC_OscConfig
    main.o(i.SystemClock_Config) refers to main.o(i.Error_Handler) for Error_Handler
    main.o(i.SystemClock_Config) refers to stm32h7xx_hal_rcc.o(i.HAL_RCC_ClockConfig) for HAL_RCC_ClockConfig
[...]
    Q_dex                                    0x24000148   Data           4  dr16.o(.data)
    uart1_buffer                             0x2400014c   Data           8  dr16.o(.data)
    VisionFlag                               0x24000154   Data           1  dr16.o(.data)
    VisionFlag_Last                          0x24000155   Data           1  dr16.o(.data)
    dr16                                     0x24000158   Data           4  dr16.o(.data)
    aga_small                                0x2400015c   Data           4  dr16.o(.data)
    aga_big                                  0x24000160   Data           4  dr16.o(.data)
    big                                      0x24000164   Data           4  dr16.o(.data)
    test                                     0x2400018c   Data           4  heat_control.o(.data)
    Heat_Future                              0x24000190   Data           4  heat_control.o(.data)
    bmi088                                   0x24000194   Data         152  bmi088.o(.data)
    BMI088_ACCEL_SEN                         0x2400022c   Data           4  bmi088.o(.data)
    BMI088_GYRO_SEN                          0x24000230   Data           4  bmi088.o(.data)
    bmi088_cali_count                        0x24000238   Data           2  bmi088.o(.data)
    txBuffer0x6FFforCAN2                     0x24000270   Data          12  supercap.o(.data)
    Power_Chassis                            0x2400027c   Data           4  supercap.o(.data)
    Last_Power_Chassis                       0x24000280   Data           4  supercap.o(.data)
    Power_Chassis_Static                     0x24000284   Data           4  supercap.o(.data)
    Last_Power_Chassis_Static                0x24000288   Data           4  supercap.o(.data)
    Powerto10000_Chassis                     0x2400028c   Data           4  supercap.o(.data)
    Power_Limt                               0x24000290   Data           2  supercap.o(.data)
    cnt_static                               0x24000294   Data           4  supercap.o(.data)
    cnt_move                                 0x24000298   Data           4  supercap.o(.data)
    Last_cnt_static                          0x2400029c   Data           4  supercap.o(.data)
    Last_cnt_move                            0x240002a0   Data           4  supercap.o(.data)
    uart4_buffer                             0x240002a8   Data           8  referee.o(.data)
    Load_Number                              0x240002b0   Data           8  referee.o(.data)
    Single_Load_Number                       0x240002b8   Data           8  referee.o(.data)
    index_i                                  0x240002c0   Data           1  referee.o(.data)
    max_i                                    0x240002c1   Data           1  referee.o(.data)
    re_len                                   0x240002c2   Data           1  referee.o(.data)
    max_len                                  0x240002c3   Data           1  referee.o(.data)
    CRC_INIT                                 0x240002c4   Data           2  referee.o(.data)
    Error_Can                                0x240002c8   Data           4  check.o(.data)
    PitchVisionSence                         0x240002d0   Data           4  brain.o(.data)
    YawVisionSence                           0x240002d4   Data           4  brain.o(.data)
    Brain_yaw_raw_add                        0x240002d8   Data           4  brain.o(.data)
    Brain_pitch_raw_add                      0x240002dc   Data           4  brain.o(.data)
    Symbol_delay                             0x240002e0   Data           4  brain.o(.data)
    ModeToBrain                              0x240002e4   Data           1  brain.o(.data)
    ShootModeToBrain                         0x240002e5   Data           1  brain.o(.data)
    uart6_buffer                             0x240002e8   Data           8  brain.o(.data)
    taest_single                             0x240002f0   Data           4  brain.o(.data)
    offangle                                 0x240002f8   Data           8  brain.o(.data)
    Single_limt                              0x24000300   Data           4  brain.o(.data)
    Bule_Red                                 0x24000304   Data           4  brain.o(.data)
    Single                                   0x24000308   Data           1  brain.o(.data)
    Q_index                                  0x2400030c   Data           4  motor.o(.data)
    Ecd_sum                                  0x24000310   Data           4  motor.o(.data)
    Speed_sum                                0x24000314   Data           4  motor.o(.data)
    txBuffer0x200forCAN1                     0x24000318   Data          12  motor.o(.data)
    txBuffer0x1FFforCAN1                     0x24000324   Data          12  motor.o(.data)
    txBuffer0x2FFforCAN1                     0x24000330   Data          12  motor.o(.data)
    txBuffer0x200forCAN2                     0x2400033c   Data          12  motor.o(.data)
    txBuffer0x1FFforCAN2                     0x24000348   Data          12  motor.o(.data)
    txBuffer0x2FFforCAN2                     0x24000354   Data          12  motor.o(.data)
    SINGLE                                   0x24000360   Data           4  motor.o(.data)
    amp_test                                 0x24000364   Data           2  motor.o(.data)
    uart3_buffer                             0x24000368   Data           8  vt13.o(.data)
    can1                                     0x240003a8   Data          16  driver_can.o(.data)
    can2                                     0x240003b8   Data          16  driver_can.o(.data)
    SPI_t                                    0x240003c8   Data          72  driver_spi.o(.data)
    uart1                                    0x24000458   Data           8  driver_usart.o(.data)
    uart2                                    0x24000460   Data           8  driver_usart.o(.data)
    uart3                                    0x24000468   Data           8  driver_usart.o(.data)
    uart4                                    0x24000470   Data           8  driver_usart.o(.data)
    uart5                                    0x24000478   Data           8  driver_usart.o(.data)
    uart6                                    0x24000480   Data           8  driver_usart.o(.data)
    uart7                                    0x24000488   Data           8  driver_usart.o(.data)
    uart8                                    0x24000490   Data           8  driver_usart.o(.data)
    ui_g_danliang_danliangzongshu            0x24000498   Data           4  ui_g_danliang_0.o(.data)
    ui_g_danliang_half                       0x2400049c   Data           4  ui_g_danliang_1.o(.data)
    ui_g_danliang_zero                       0x240004a0   Data           4  ui_g_danliang_2.o(.data)
    ui_g_danliang_danliangzongxain           0x240004a4   Data           4  ui_g_danliang_3.o(.data)
    ui_g_dongtai_dengji                      0x240004a8   Data           4  ui_g_dongtai_1.o(.data)
    ui_g_dongtai_chaodiantiao                0x240004ac   Data           4  ui_g_dongtai_2.o(.data)
    ui_g_dongtai_toufangxiang                0x240004b0   Data           4  ui_g_dongtai_2.o(.data)
    ui_g_shizi_shizi1                        0x240004b4   Data           4  ui_g_shizi_0.o(.data)
    ui_g_shizi_shizi2                        0x240004b8   Data           4  ui_g_shizi_0.o(.data)
    ui_g_shizi_shizi3                        0x240004bc   Data           4  ui_g_shizi_0.o(.data)
    ui_g_shizi_shizi4                        0x240004c0   Data           4  ui_g_shizi_0.o(.data)
    ui_g_shizi_zhunxing                      0x240004c4   Data           4  ui_g_shizi_0.o(.data)
    ui_g_static_level_bioaqian               0x240004c8   Data           4  ui_g_static_0.o(.data)
    ui_g_static_chaodiankuang                0x240004cc   Data           4  ui_g_static_1.o(.data)
    ui_g_static_dipanjiyaun                  0x240004d0   Data           4  ui_g_static_1.o(.data)
    ui_g_Ungroup_NewLine                     0x240004d4   Data           4  ui_g_ungroup_0.o(.data)
    seq                                      0x240004d8   Data           1  ui_interface.o(.data)
    ui_self_id                               0x240004dc   Data           4  ui_interface.o(.data)
    ui_g_dongtai_roll                        0x240004e0   Data           4  ui_g_roll_0.o(.data)
    ui_g_zimiao_zimiaoleft                   0x240004e4   Data           4  ui_g_zimiao_0.o(.data)
    ui_g_zimiao_zimiaoright                  0x240004e8   Data           4  ui_g_zimiao_0.o(.data)
    sizeof_float                             0x240004f0   Data           2  kalman_filter.o(.data)
    sizeof_double                            0x240004f2   Data           2  kalman_filter.o(.data)
    IMU_QuaternionEKF_P                      0x24000510   Data         144  quaternions_ekf.o(.data)
    uwTick                                   0x240005e4   Data           4  stm32h7xx_hal.o(.data)
    uwTickPrio                               0x240005e8   Data           4  stm32h7xx_hal.o(.data)
    uwTickFreq                               0x240005ec   Data           1  stm32h7xx_hal.o(.data)
    SystemCoreClock                          0x240005f0   Data           4  system_stm32h7xx.o(.data)
    SystemD2Clock                            0x240005f4   Data           4  system_stm32h7xx.o(.data)
    __microlib_freelist                      0x240005f8   Data           4  mvars.o(.data)
    __microlib_freelist_initialised          0x240005fc   Data           4  mvars.o(.data)
    hfdcan1                                  0x24000604   Data         160  fdcan.o(.bss)
    hfdcan2                                  0x240006a4   Data         160  fdcan.o(.bss)
    hi2c2                                    0x24000744   Data          76  i2c.o(.bss)
    hi2c4                                    0x24000790   Data          76  i2c.o(.bss)
    hspi1                                    0x240007dc   Data         136  spi.o(.bss)
    hdma_spi1_rx                             0x24000864   Data         120  spi.o(.bss)
    hdma_spi1_tx                             0x240008dc   Data         120  spi.o(.bss)
    htim3                                    0x24000954   Data          76  tim.o(.bss)
    htim4                                    0x240009a0   Data          76  tim.o(.bss)
    htim13                                   0x240009ec   Data          76  tim.o(.bss)
    htim14                                   0x24000a38   Data          76  tim.o(.bss)
    Usart_TxBuffer                           0x24000a84   Data         128  usart.o(.bss)
    huart4                                   0x24000b04   Data         144  usart.o(.bss)
    huart5                                   0x24000b94   Data         144  usart.o(.bss)
    huart7                                   0x24000c24   Data         144  usart.o(.bss)
    huart8                                   0x24000cb4   Data         144  usart.o(.bss)
    huart1                                   0x24000d44   Data         144  usart.o(.bss)
    huart2                                   0x24000dd4   Data         144  usart.o(.bss)
    huart3                                   0x24000e64   Data         144  usart.o(.bss)
    huart6                                   0x24000ef4   Data         144  usart.o(.bss)
    hdma_uart4_rx                            0x24000f84   Data         120  usart.o(.bss)
    hdma_uart4_tx                            0x24000ffc   Data         120  usart.o(.bss)
    hdma_uart5_rx                            0x24001074   Data         120  usart.o(.bss)
    hdma_uart5_tx                            0x240010ec   Data         120  usart.o(.bss)
    hdma_uart8_rx                            0x24001164   Data         120  usart.o(.bss)
    hdma_uart8_tx                            0x240011dc   Data         120  usart.o(.bss)
    hdma_usart1_rx                           0x24001254   Data         120  usart.o(.bss)
    hdma_usart2_rx                           0x240012cc   Data         120  usart.o(.bss)
    hdma_usart2_tx                           0x24001344   Data         120  usart.o(.bss)
    hdma_usart3_rx                           0x240013bc   Data         120  usart.o(.bss)
    hdma_usart3_tx                           0x24001434   Data         120  usart.o(.bss)
    hdma_usart6_rx                           0x240014ac   Data         120  usart.o(.bss)
    hdma_usart6_tx                           0x24001524   Data         120  usart.o(.bss)
    Usart8_RxBuffer                          0x240015a0   Data         128  hardware_config.o(.bss)
    Vision_Info                              0x24001620   Data          28  hardware_config.o(.bss)
    Super_Cap                                0x2400163c   Data          20  hardware_config.o(.bss)
    Holder                                   0x24001650   Data        1504  hardware_config.o(.bss)
    OmniChassis                              0x24001c30   Data        1520  hardware_config.o(.bss)
    Loader                                   0x24002220   Data        1168  hardware_config.o(.bss)
    pid_yaw_reset                            0x240026b0   Data          60  hardware_config.o(.bss)
    pid_pitch_reset                          0x240026ec   Data          60  hardware_config.o(.bss)
    pid_yaw_angle                            0x24002728   Data          60  hardware_config.o(.bss)
    pid_yaw_speed                            0x24002764   Data          60  hardware_config.o(.bss)
    pid_yaw_vision_angle                     0x240027a0   Data          60  hardware_config.o(.bss)
    pid_yaw_vision_speed                     0x240027dc   Data          60  hardware_config.o(.bss)
    pid_yaw_vision_single_angle              0x24002818   Data          60  hardware_config.o(.bss)
    pid_yaw_vision_single_speed              0x24002854   Data          60  hardware_config.o(.bss)
    pid_follow                               0x24002890   Data          60  hardware_config.o(.bss)
    pid_run                                  0x240028cc   Data          60  hardware_config.o(.bss)
    pid_pitch_angle                          0x24002908   Data          60  hardware_config.o(.bss)
    pid_pitch_speed                          0x24002944   Data          60  hardware_config.o(.bss)
    pid_pitch_vision_angle                   0x24002980   Data          60  hardware_config.o(.bss)
    pid_pitch_vision_speed                   0x240029bc   Data          60  hardware_config.o(.bss)
    pid_pitch_vision_single_angle            0x240029f8   Data          60  hardware_config.o(.bss)
    pid_pitch_vision_single_speed            0x24002a34   Data          60  hardware_config.o(.bss)
    pid_load_continue                        0x24002a70   Data          60  hardware_config.o(.bss)
    pid_load_single_speed                    0x24002aac   Data          60  hardware_config.o(.bss)
    pid_load_single_angle                    0x24002ae8   Data          60  hardware_config.o(.bss)
    pid_friction                             0x24002b24   Data          60  hardware_config.o(.bss)
    pid_ecd                                  0x24002b60   Data          60  hardware_config.o(.bss)
    Rc_Ctrl                                  0x24002c74   Data         216  dr16.o(.bss)
    DR16_RxBuffer0                           0x24002d4c   Data          36  dr16.o(.bss)
    DR16_RxBuffer1                           0x24002d70   Data          36  dr16.o(.bss)
    Muzzle                                   0x24002d98   Data          72  heat_control.o(.bss)
    referee2024                              0x24002e60   Data         568  referee.o(.bss)
    temp                                     0x24003098   Data          15  referee.o(.bss)
    ref_packge                               0x240030a7   Data        2500  referee.o(.bss)
    check_robot_state                        0x24003a6c   Data          50  check.o(.bss)
    tim14_FPS                                0x24003aa0   Data          44  check.o(.bss)
    RobotToBrainTimeBuffer                   0x24003acc   Data          23  brain.o(.bss)
    RobotToBrainPitchAngle                   0x24003ae4   Data        1024  brain.o(.bss)
    RobotToBrainYawAngle                     0x24003ee4   Data        1024  brain.o(.bss)
    Brain_recData                            0x240042e4   Data          50  brain.o(.bss)
    VT13                                     0x24004318   Data          92  vt13.o(.bss)
    VT13_recData                             0x24004374   Data          36  vt13.o(.bss)
    tim14                                    0x24004398   Data          28  driver_timer.o(.bss)
    tim13                                    0x240043b4   Data          28  driver_timer.o(.bss)
    ui_g_danliang_0                          0x240043d0   Data          60  ui_g_danliang_0.o(.bss)
    ui_g_danliang_1                          0x2400440c   Data          60  ui_g_danliang_1.o(.bss)
    ui_g_danliang_2                          0x24004448   Data          60  ui_g_danliang_2.o(.bss)
    ui_g_danliang_3                          0x24004484   Data          30  ui_g_danliang_3.o(.bss)
    ui_g_dongtai_1                           0x240044a2   Data          60  ui_g_dongtai_1.o(.bss)
    ui_g_dongtai_2                           0x240044de   Data          45  ui_g_dongtai_2.o(.bss)
    ui_g_shizi_0                             0x2400450b   Data          90  ui_g_shizi_0.o(.bss)
    ui_g_static_0                            0x24004565   Data          60  ui_g_static_0.o(.bss)
    ui_g_static_1                            0x240045a1   Data          45  ui_g_static_1.o(.bss)
    ui_g_Ungroup_0                           0x240045ce   Data          30  ui_g_ungroup_0.o(.bss)
    ui_g_roll_1                              0x240045ec   Data          60  ui_g_roll_0.o(.bss)
    ui_g_zimiao_0                            0x24004628   Data          45  ui_g_zimiao_0.o(.bss)
    QEKF_INS                                 0x24004658   Data         480  quaternions_ekf.o(.bss)
    IMU_QuaternionEKF_K                      0x24004838   Data          72  quaternions_ekf.o(.bss)
    IMU_QuaternionEKF_H                      0x24004880   Data          72  quaternions_ekf.o(.bss)
    smc_yaw                                  0x240048c8   Data          60  smc.o(.bss)
    __heap_base                              0x24004908   Data           0  startup_stm32h750xx.o(HEAP)
    __heap_limit                             0x24005b08   Data           0  startup_stm32h750xx.o(HEAP)
    DR16_recData                             0x24006000   Data          36  dr16.o(.ARM.__AT_0x24006000)
    __initial_sp                             0x24006828   Data           0  startup_stm32h750xx.o(STACK)
    meta_data                                0x24028000   Data         256  referee.o(.ARM.__AT_0x24028000)
    Data_Pack                                0x24065000   Data         128  interaction.o(.ARM.__AT_0x24065000)



==============================================================================

Memory Map of the image

  Image Entry point : 0x08000299

  Load Region LR_IROM1 (Base: 0x08000000, Size: 0x0001a564, Max: 0x00020000, ABSOLUTE, COMPRESSED[0x0001a0bc])

    Execution Region ER_IROM1 (Exec base: 0x08000000, Load base: 0x08000000, Size: 0x00019f60, Max: 0x00020000, ABSOLUTE)

    Exec Addr    Load Addr    Size         Type   Attr      Idx    E Section Name        Object

    0x08000000   0x08000000   0x00000298   Data   RO            3    RESET               startup_stm32h750xx.o
    0x08000298   0x08000298   0x00000000   Code   RO        10916  * .ARM.Collect$$$$00000000  mc_w.l(entry.o)
    0x08000298   0x08000298   0x00000004   Code   RO        11286    .ARM.Collect$$$$00000001  mc_w.l(entry2.o)
    0x0800029c   0x0800029c   0x00000004   Code   RO        11289    .ARM.Collect$$$$00000004  mc_w.l(entry5.o)
    0x080002a0   0x080002a0   0x00000000   Code   RO        11291    .ARM.Collect$$$$00000008  mc_w.l(entry7b.o)
    0x080002a0   0x080002a0   0x00000000   Code   RO        11293    .ARM.Collect$$$$0000000A  mc_w.l(entry8b.o)
    0x080002a0   0x080002a0   0x00000008   Code   RO        11294    .ARM.Collect$$$$0000000B  mc_w.l(entry9a.o)
    0x080002a8   0x080002a8   0x00000000   Code   RO        11296    .ARM.Collect$$$$0000000D  mc_w.l(entry10a.o)
    0x080002a8   0x080002a8   0x00000000   Code   RO        11298    .ARM.Collect$$$$0000000F  mc_w.l(entry11a.o)
    0x080002a8   0x080002a8   0x00000004   Code   RO        11287    .ARM.Collect$$$$00002712  mc_w.l(entry2.o)
    0x080002ac   0x080002ac   0x00000024   Code   RO            4    .text               startup_stm32h750xx.o
    0x080002d0   0x080002d0   0x00000062   Code   RO        10919    .text               mc_w.l(uldiv.o)
    0x08000332   0x08000332   0x0000001e   Code   RO        10923    .text               mc_w.l(llshl.o)
    0x08000350   0x08000350   0x00000024   Code   RO        10925    .text               mc_w.l(llsshr.o)
    0x08000374   0x08000374   0x00000024   Code   RO        10927    .text               mc_w.l(memcpya.o)
    0x08000398   0x08000398   0x00000024   Code   RO        10929    .text               mc_w.l(memseta.o)
    0x080003bc   0x080003bc   0x0000000e   Code   RO        10931    .text               mc_w.l(strlen.o)
    0x080003ca   0x080003ca   0x00000012   Code   RO        10933    .text               mc_w.l(strcpy.o)
    0x080003dc   0x080003dc   0x0000002c   Code   RO        11303    .text               mc_w.l(uidiv.o)
    0x08000408   0x08000408   0x00000020   Code   RO        11305    .text               mc_w.l(llushr.o)
    0x08000428   0x08000428   0x00000000   Code   RO        11316    .text               mc_w.l(iusefp.o)
    0x08000428   0x08000428   0x0000014e   Code   RO        11319    .text               mf_w.l(dadd.o)
    0x08000576   0x08000576   0x000000e4   Code   RO        11321    .text               mf_w.l(dmul.o)
    0x0800065a   0x0800065a   0x000000de   Code   RO        11323    .text               mf_w.l(ddiv.o)
    0x08000738   0x08000738   0x0000002e   Code   RO        11325    .text               mf_w.l(dscalb.o)
    0x08000766   0x08000766   0x00000030   Code   RO        11327    .text               mf_w.l(dfixul.o)
    0x08000796   0x08000796   0x00000002   PAD
    0x08000798   0x08000798   0x00000030   Code   RO        11329    .text               mf_w.l(cdrcmple.o)
    0x080007c8   0x080007c8   0x00000024   Code   RO        11333    .text               mc_w.l(init.o)
    0x080007ec   0x080007ec   0x000000ba   Code   RO        11337    .text               mf_w.l(depilogue.o)
    0x080008a6   0x080008a6   0x00000056   Code   RO        11347    .text               mc_w.l(__dczerorl2.o)
    0x080008fc   0x080008fc   0x0000002e   Code   RO         3784    i.AmplitudeLimit    pid.o
    0x0800092a   0x0800092a   0x00000002   PAD
    0x0800092c   0x0800092c   0x00000018   Code   RO         1786    i.BMI088_ACCEL_NS_H  bmi088.o
    0x08000944   0x08000944   0x00000018   Code   RO         1787    i.BMI088_ACCEL_NS_L  bmi088.o
    0x0800095c   0x0800095c   0x00000184   Code   RO         1788    i.BMI088_AccInit    bmi088.o
    0x08000ae0   0x08000ae0   0x00000534   Code   RO         1789    i.BMI088_Calibrate_Offset  bmi088.o
    0x08001014   0x08001014   0x00000018   Code   RO         1790    i.BMI088_GYRO_NS_H  bmi088.o
    0x0800102c   0x0800102c   0x00000018   Code   RO         1791    i.BMI088_GYRO_NS_L  bmi088.o
    0x08001044   0x08001044   0x00000148   Code   RO         1792    i.BMI088_GyroInit   bmi088.o
    0x0800118c   0x0800118c   0x00000050   Code   RO         1793    i.BMI088_Init       bmi088.o
    0x080011dc   0x080011dc   0x00000304   Code   RO         1794    i.BMI088_Read       bmi088.o
    0x080014e0   0x080014e0   0x00000068   Code   RO         1795    i.BMI088_accel_read_muli_reg  bmi088.o
    0x08001548   0x08001548   0x00000060   Code   RO         1796    i.BMI088_gyro_read_muli_reg  bmi088.o
    0x080015a8   0x080015a8   0x00000018   Code   RO         1798    i.BMI088_read_single_reg  bmi088.o
    0x080015c0   0x080015c0   0x00000024   Code   RO         1799    i.BMI088_read_write_byte  bmi088.o
    0x080015e4   0x080015e4   0x00000014   Code   RO         1800    i.BMI088_write_single_reg  bmi088.o
    0x080015f8   0x080015f8   0x00000062   Code   RO         3786    i.BasePID_AngleControlFollow  pid.o
    0x0800165a   0x0800165a   0x00000002   PAD
    0x0800165c   0x0800165c   0x0000009c   Code   RO         3787    i.BasePID_AngleControl_BULEET  pid.o
    0x080016f8   0x080016f8   0x00000030   Code   RO         3790    i.BasePID_Init      pid.o
    0x08001728   0x08001728   0x000000c8   Code   RO         3791    i.BasePID_PitchAngleControl  pid.o
    0x080017f0   0x080017f0   0x000000c8   Code   RO         3792    i.BasePID_PitchSpeedControl  pid.o
    0x080018b8   0x080018b8   0x000000d4   Code   RO         3796    i.BasePID_Speed_Omni_Control  pid.o
    0x0800198c   0x0800198c   0x000000d0   Code   RO         3797    i.BasePID_YawAngleControl  pid.o
    0x08001a5c   0x08001a5c   0x000000cc   Code   RO         3798    i.BasePID_YawSpeedControl  pid.o
    0x08001b28   0x08001b28   0x000000f4   Code   RO         3800    i.BasePID_Yaw_VISION_AngleControl  pid.o
    0x08001c1c   0x08001c1c   0x0000015a   Code   RO         1411    i.BodyFrameToEarthFrame  ins.o
    0x08001d76   0x08001d76   0x00000002   PAD
    0x08001d78   0x08001d78   0x0000046c   Code   RO         2103    i.Brain_DataUnpack  brain.o
    0x080021e4   0x080021e4   0x00000108   Code   RO         2104    i.Brain_RobotToBrainTime  brain.o
    0x080022ec   0x080022ec   0x0000001c   Code   RO         2105    i.Brain_callback    brain.o
    0x08002308   0x08002308   0x0000017c   Code   RO         1537    i.BulletDisk_Shoot_control  load.o
    0x08002484   0x08002484   0x00000004   Code   RO          581    i.BusFault_Handler  stm32h7xx_it.o
    0x08002488   0x08002488   0x00000024   Code   RO         1060    i.CAN1_rxCallBack   control_logic.o
    0x080024ac   0x080024ac   0x0000003c   Code   RO         1061    i.CAN2_rxCallBack   control_logic.o
    0x080024e8   0x080024e8   0x00000036   Code   RO         2544    i.CAN_Open          driver_can.o
    0x0800251e   0x0800251e   0x00000014   Code   RO         2348    i.CAN_RegisteMotor  motor.o
    0x08002532   0x08002532   0x0000003a   Code   RO         2545    i.CAN_Send          driver_can.o
    0x0800256c   0x0800256c   0x00000124   Code   RO         2349    i.CAN_fill_3508_2006_data  motor.o
    0x08002690   0x08002690   0x000000f0   Code   RO         2350    i.CAN_fill_6020_data  motor.o
    0x08002780   0x08002780   0x0000004c   Code   RO         2351    i.CAN_update_data   motor.o
    0x080027cc   0x080027cc   0x00000030   Code   RO         2546    i.CANx_Init         driver_can.o
    0x080027fc   0x080027fc   0x00000134   Code   RO         1209    i.Change_limit      holder.o
    0x08002930   0x08002930   0x000000d0   Code   RO         1538    i.ChoosingFireRate  load.o
    0x08002a00   0x08002a00   0x00000056   Code   RO         4099    i.Cross3d           user_lib.o
    0x08002a56   0x08002a56   0x00000002   PAD
    0x08002a58   0x08002a58   0x00000010   Code   RO          582    i.DMA1_Stream0_IRQHandler  stm32h7xx_it.o
    0x08002a68   0x08002a68   0x00000010   Code   RO          583    i.DMA1_Stream1_IRQHandler  stm32h7xx_it.o
    0x08002a78   0x08002a78   0x00000010   Code   RO          584    i.DMA1_Stream2_IRQHandler  stm32h7xx_it.o
    0x08002a88   0x08002a88   0x00000010   Code   RO          585    i.DMA1_Stream3_IRQHandler  stm32h7xx_it.o
    0x08002a98   0x08002a98   0x00000010   Code   RO          586    i.DMA1_Stream4_IRQHandler  stm32h7xx_it.o
    0x08002aa8   0x08002aa8   0x00000010   Code   RO          587    i.DMA1_Stream5_IRQHandler  stm32h7xx_it.o
    0x08002ab8   0x08002ab8   0x00000010   Code   RO          588    i.DMA1_Stream6_IRQHandler  stm32h7xx_it.o
    0x08002ac8   0x08002ac8   0x00000010   Code   RO          589    i.DMA1_Stream7_IRQHandler  stm32h7xx_it.o
    0x08002ad8   0x08002ad8   0x00000010   Code   RO          590    i.DMA2_Stream0_IRQHandler  stm32h7xx_it.o
    0x08002ae8   0x08002ae8   0x00000010   Code   RO          591    i.DMA2_Stream1_IRQHandler  stm32h7xx_it.o
    0x08002af8   0x08002af8   0x00000010   Code   RO          592    i.DMA2_Stream2_IRQHandler  stm32h7xx_it.o
    0x08002b08   0x08002b08   0x00000010   Code   RO          593    i.DMA2_Stream3_IRQHandler  stm32h7xx_it.o
    0x08002b18   0x08002b18   0x00000010   Code   RO          594    i.DMA2_Stream4_IRQHandler  stm32h7xx_it.o
    0x08002b28   0x08002b28   0x00000010   Code   RO          595    i.DMA2_Stream5_IRQHandler  stm32h7xx_it.o
    0x08002b38   0x08002b38   0x00000010   Code   RO          596    i.DMA2_Stream6_IRQHandler  stm32h7xx_it.o
    0x08002b48   0x08002b48   0x000000ec   Code   RO         7195    i.DMA_CalcBaseAndBitshift  stm32h7xx_hal_dma.o
    0x08002c34   0x08002c34   0x000000c4   Code   RO         7196    i.DMA_CalcDMAMUXChannelBaseAndMask  stm32h7xx_hal_dma.o
    0x08002cf8   0x08002cf8   0x00000098   Code   RO         7197    i.DMA_CalcDMAMUXRequestGenBaseAndMask  stm32h7xx_hal_dma.o
    0x08002d90   0x08002d90   0x000000ae   Code   RO         7198    i.DMA_CheckFifoParam  stm32h7xx_hal_dma.o
    0x08002e3e   0x08002e3e   0x00000002   PAD
    0x08002e40   0x08002e40   0x00000274   Code   RO         7199    i.DMA_SetConfig     stm32h7xx_hal_dma.o
    0x080030b4   0x080030b4   0x00000070   Code   RO         1654    i.DR16Init          dr16.o
    0x08003124   0x08003124   0x0000000c   Code   RO         1292    i.DR16_Control_Chassis  omnichassis.o
    0x08003130   0x08003130   0x00000016   Code   RO         1539    i.DR16_Control_Shoot  load.o
    0x08003146   0x08003146   0x00000002   PAD
    0x08003148   0x08003148   0x00000310   Code   RO         1655    i.DR16_DataUnpack   dr16.o
    0x08003458   0x08003458   0x00000064   Code   RO         1656    i.DR16_callback     dr16.o
    0x080034bc   0x080034bc   0x0000004c   Code   RO         2706    i.DWT_CNT_Update    driver_counter.o
    0x08003508   0x08003508   0x0000003c   Code   RO         2707    i.DWT_Delay_s       driver_counter.o
    0x08003544   0x08003544   0x0000004c   Code   RO         2708    i.DWT_GetDeltaT     driver_counter.o
    0x08003590   0x08003590   0x00000054   Code   RO         2711    i.DWT_GetTimeline_s  driver_counter.o
    0x080035e4   0x080035e4   0x00000070   Code   RO         2713    i.DWT_Init          driver_counter.o
    0x08003654   0x08003654   0x000000d0   Code   RO         2714    i.DWT_SysTimeUpdate  driver_counter.o
    0x08003724   0x08003724   0x00000002   Code   RO          597    i.DebugMon_Handler  stm32h7xx_it.o
    0x08003726   0x08003726   0x00000026   Code   RO         4100    i.Dot3d             user_lib.o
    0x0800374c   0x0800374c   0x0000015a   Code   RO         1412    i.EarthFrameToBodyFrame  ins.o
    0x080038a6   0x080038a6   0x00000002   PAD
    0x080038a8   0x080038a8   0x00000134   Code   RO         1916    i.Energy_Cal        supercap.o
    0x080039dc   0x080039dc   0x00000006   Code   RO           13    i.Error_Handler     main.o
    0x080039e2   0x080039e2   0x00000002   PAD
    0x080039e4   0x080039e4   0x00000010   Code   RO          598    i.FDCAN1_IT0_IRQHandler  stm32h7xx_it.o
    0x080039f4   0x080039f4   0x00000010   Code   RO          599    i.FDCAN2_IT0_IRQHandler  stm32h7xx_it.o
    0x08003a04   0x08003a04   0x00000220   Code   RO         5877    i.FDCAN_CalcultateRamBlockAddresses  stm32h7xx_hal_fdcan.o
    0x08003c24   0x08003c24   0x000000d4   Code   RO         5878    i.FDCAN_CopyMessageToRAM  stm32h7xx_hal_fdcan.o
    0x08003cf8   0x08003cf8   0x0000004a   Code   RO         2052    i.FPS_Check         check.o
    0x08003d42   0x08003d42   0x00000002   PAD
    0x08003d44   0x08003d44   0x00000380   Code   RO         1540    i.Friction_BulletDisk_Fire_Control  load.o
    0x080040c4   0x080040c4   0x00000210   Code   RO         1541    i.Friction_Bullet_Pid_Control  load.o
    0x080042d4   0x080042d4   0x00000034   Code   RO         1961    i.Get_CRC16_Check_Sum  referee.o
    0x08004308   0x08004308   0x00000024   Code   RO         1962    i.Get_CRC8_Check_Sum  referee.o
    0x0800432c   0x0800432c   0x000004dc   Code   RO         7200    i.HAL_DMA_Abort     stm32h7xx_hal_dma.o
    0x08004808   0x08004808   0x00000398   Code   RO         7201    i.HAL_DMA_Abort_IT  stm32h7xx_hal_dma.o
    0x08004ba0   0x08004ba0   0x00000006   Code   RO         7203    i.HAL_DMA_GetError  stm32h7xx_hal_dma.o
    0x08004ba6   0x08004ba6   0x00000002   PAD
    0x08004ba8   0x08004ba8   0x00000af8   Code   RO         7205    i.HAL_DMA_IRQHandler  stm32h7xx_hal_dma.o
    0x080056a0   0x080056a0   0x00000520   Code   RO         7206    i.HAL_DMA_Init      stm32h7xx_hal_dma.o
    0x08005bc0   0x08005bc0   0x000003e0   Code   RO         7210    i.HAL_DMA_Start_IT  stm32h7xx_hal_dma.o
    0x08005fa0   0x08005fa0   0x00000028   Code   RO         7909    i.HAL_Delay         stm32h7xx_hal.o
    0x08005fc8   0x08005fc8   0x000000a8   Code   RO         5880    i.HAL_FDCAN_ActivateNotification  stm32h7xx_hal_fdcan.o
    0x08006070   0x08006070   0x00000090   Code   RO         5882    i.HAL_FDCAN_AddMessageToTxFifoQ  stm32h7xx_hal_fdcan.o
    0x08006100   0x08006100   0x00000002   Code   RO         5883    i.HAL_FDCAN_ClockCalibrationCallback  stm32h7xx_hal_fdcan.o
    0x08006102   0x08006102   0x000000a8   Code   RO         5887    i.HAL_FDCAN_ConfigFilter  stm32h7xx_hal_fdcan.o
    0x080061aa   0x080061aa   0x00000002   Code   RO         5909    i.HAL_FDCAN_ErrorCallback  stm32h7xx_hal_fdcan.o
    0x080061ac   0x080061ac   0x00000002   Code   RO         5910    i.HAL_FDCAN_ErrorStatusCallback  stm32h7xx_hal_fdcan.o
    0x080061ae   0x080061ae   0x00000002   PAD
    0x080061b0   0x080061b0   0x000001f4   Code   RO         5921    i.HAL_FDCAN_GetRxMessage  stm32h7xx_hal_fdcan.o
    0x080063a4   0x080063a4   0x00000002   Code   RO         5927    i.HAL_FDCAN_HighPriorityMessageCallback  stm32h7xx_hal_fdcan.o
    0x080063a6   0x080063a6   0x00000002   PAD
    0x080063a8   0x080063a8   0x000003d4   Code   RO         5928    i.HAL_FDCAN_IRQHandler  stm32h7xx_hal_fdcan.o
    0x0800677c   0x0800677c   0x000002e0   Code   RO         5929    i.HAL_FDCAN_Init    stm32h7xx_hal_fdcan.o
    0x08006a5c   0x08006a5c   0x00000164   Code   RO          268    i.HAL_FDCAN_MspInit  fdcan.o
    0x08006bc0   0x08006bc0   0x00000002   Code   RO         5938    i.HAL_FDCAN_RxBufferNewMessageCallback  stm32h7xx_hal_fdcan.o
    0x08006bc2   0x08006bc2   0x00000002   PAD
    0x08006bc4   0x08006bc4   0x0000005c   Code   RO         2547    i.HAL_FDCAN_RxFifo0Callback  driver_can.o
    0x08006c20   0x08006c20   0x00000002   Code   RO         5940    i.HAL_FDCAN_RxFifo1Callback  stm32h7xx_hal_fdcan.o
    0x08006c22   0x08006c22   0x00000034   Code   RO         5941    i.HAL_FDCAN_Start   stm32h7xx_hal_fdcan.o
    0x08006c56   0x08006c56   0x00000002   Code   RO         5963    i.HAL_FDCAN_TT_GlobalTimeCallback  stm32h7xx_hal_fdcan.o
    0x08006c58   0x08006c58   0x00000002   Code   RO         5964    i.HAL_FDCAN_TT_ScheduleSyncCallback  stm32h7xx_hal_fdcan.o
    0x08006c5a   0x08006c5a   0x00000002   Code   RO         5969    i.HAL_FDCAN_TT_StopWatchCallback  stm32h7xx_hal_fdcan.o
    0x08006c5c   0x08006c5c   0x00000002   Code   RO         5970    i.HAL_FDCAN_TT_TimeMarkCallback  stm32h7xx_hal_fdcan.o
    0x08006c5e   0x08006c5e   0x00000002   Code   RO         5971    i.HAL_FDCAN_TimeoutOccurredCallback  stm32h7xx_hal_fdcan.o
    0x08006c60   0x08006c60   0x00000002   Code   RO         5972    i.HAL_FDCAN_TimestampWraparoundCallback  stm32h7xx_hal_fdcan.o
    0x08006c62   0x08006c62   0x00000002   Code   RO         5973    i.HAL_FDCAN_TxBufferAbortCallback  stm32h7xx_hal_fdcan.o
    0x08006c64   0x08006c64   0x00000002   Code   RO         5974    i.HAL_FDCAN_TxBufferCompleteCallback  stm32h7xx_hal_fdcan.o
    0x08006c66   0x08006c66   0x00000002   Code   RO         5975    i.HAL_FDCAN_TxEventFifoCallback  stm32h7xx_hal_fdcan.o
    0x08006c68   0x08006c68   0x00000002   Code   RO         5976    i.HAL_FDCAN_TxFifoEmptyCallback  stm32h7xx_hal_fdcan.o
    0x08006c6a   0x08006c6a   0x00000002   PAD
    0x08006c6c   0x08006c6c   0x000001fc   Code   RO         7048    i.HAL_GPIO_Init     stm32h7xx_hal_gpio.o
    0x08006e68   0x08006e68   0x00000010   Code   RO         7050    i.HAL_GPIO_ReadPin  stm32h7xx_hal_gpio.o
    0x08006e78   0x08006e78   0x0000000c   Code   RO         7052    i.HAL_GPIO_WritePin  stm32h7xx_hal_gpio.o
    0x08006e84   0x08006e84   0x0000000c   Code   RO         7920    i.HAL_GetREVID      stm32h7xx_hal.o
    0x08006e90   0x08006e90   0x0000000c   Code   RO         7921    i.HAL_GetTick       stm32h7xx_hal.o
    0x08006e9c   0x08006e9c   0x0000006a   Code   RO         8676    i.HAL_I2CEx_ConfigAnalogFilter  stm32h7xx_hal_i2c_ex.o
    0x08006f06   0x08006f06   0x00000068   Code   RO         8677    i.HAL_I2CEx_ConfigDigitalFilter  stm32h7xx_hal_i2c_ex.o
    0x08006f6e   0x08006f6e   0x00000002   PAD
    0x08006f70   0x08006f70   0x000000c4   Code   RO         8225    i.HAL_I2C_Init      stm32h7xx_hal_i2c.o
    0x08007034   0x08007034   0x00000118   Code   RO          317    i.HAL_I2C_MspInit   i2c.o
    0x0800714c   0x0800714c   0x00000018   Code   RO         7927    i.HAL_IncTick       stm32h7xx_hal.o
    0x08007164   0x08007164   0x00000060   Code   RO         7928    i.HAL_Init          stm32h7xx_hal.o
    0x080071c4   0x080071c4   0x00000058   Code   RO         7929    i.HAL_InitTick      stm32h7xx_hal.o
    0x0800721c   0x0800721c   0x0000005c   Code   RO         5732    i.HAL_MPU_ConfigRegion  stm32h7xx_hal_cortex.o
    0x08007278   0x08007278   0x0000002c   Code   RO         5733    i.HAL_MPU_Disable   stm32h7xx_hal_cortex.o
    0x080072a4   0x080072a4   0x00000040   Code   RO         5734    i.HAL_MPU_Enable    stm32h7xx_hal_cortex.o
    0x080072e4   0x080072e4   0x0000002c   Code   RO          841    i.HAL_MspInit       stm32h7xx_hal_msp.o
    0x08007310   0x08007310   0x00000028   Code   RO         5737    i.HAL_NVIC_EnableIRQ  stm32h7xx_hal_cortex.o
    0x08007338   0x08007338   0x0000007a   Code   RO         5743    i.HAL_NVIC_SetPriority  stm32h7xx_hal_cortex.o
    0x080073b2   0x080073b2   0x00000002   PAD
    0x080073b4   0x080073b4   0x00000028   Code   RO         5744    i.HAL_NVIC_SetPriorityGrouping  stm32h7xx_hal_cortex.o
    0x080073dc   0x080073dc   0x00000060   Code   RO         7649    i.HAL_PWREx_ConfigSupply  stm32h7xx_hal_pwr_ex.o
    0x0800743c   0x0800743c   0x00000024   Code   RO         6611    i.HAL_RCCEx_GetD3PCLK1Freq  stm32h7xx_hal_rcc_ex.o
    0x08007460   0x08007460   0x00000230   Code   RO         6613    i.HAL_RCCEx_GetPLL2ClockFreq  stm32h7xx_hal_rcc_ex.o
    0x08007690   0x08007690   0x00000230   Code   RO         6614    i.HAL_RCCEx_GetPLL3ClockFreq  stm32h7xx_hal_rcc_ex.o
    0x080078c0   0x080078c0   0x00000b64   Code   RO         6620    i.HAL_RCCEx_PeriphCLKConfig  stm32h7xx_hal_rcc_ex.o
    0x08008424   0x08008424   0x00000320   Code   RO         6496    i.HAL_RCC_ClockConfig  stm32h7xx_hal_rcc.o
    0x08008744   0x08008744   0x0000004c   Code   RO         6501    i.HAL_RCC_GetHCLKFreq  stm32h7xx_hal_rcc.o
    0x08008790   0x08008790   0x00000024   Code   RO         6503    i.HAL_RCC_GetPCLK1Freq  stm32h7xx_hal_rcc.o
    0x080087b4   0x080087b4   0x00000024   Code   RO         6504    i.HAL_RCC_GetPCLK2Freq  stm32h7xx_hal_rcc.o
    0x080087d8   0x080087d8   0x0000022c   Code   RO         6505    i.HAL_RCC_GetSysClockFreq  stm32h7xx_hal_rcc.o
    0x08008a04   0x08008a04   0x00000800   Code   RO         6508    i.HAL_RCC_OscConfig  stm32h7xx_hal_rcc.o
    0x08009204   0x08009204   0x00000002   Code   RO         8809    i.HAL_SPI_ErrorCallback  stm32h7xx_hal_spi.o
    0x08009206   0x08009206   0x00000002   PAD
    0x08009208   0x08009208   0x00000288   Code   RO         8812    i.HAL_SPI_IRQHandler  stm32h7xx_hal_spi.o
    0x08009490   0x08009490   0x00000180   Code   RO         8813    i.HAL_SPI_Init      stm32h7xx_hal_spi.o
    0x08009610   0x08009610   0x00000174   Code   RO          365    i.HAL_SPI_MspInit   spi.o
    0x08009784   0x08009784   0x00000002   Code   RO         8819    i.HAL_SPI_RxCpltCallback  stm32h7xx_hal_spi.o
    0x08009786   0x08009786   0x0000030a   Code   RO         8822    i.HAL_SPI_TransmitReceive  stm32h7xx_hal_spi.o
    0x08009a90   0x08009a90   0x00000248   Code   RO         8824    i.HAL_SPI_TransmitReceive_IT  stm32h7xx_hal_spi.o
    0x08009cd8   0x08009cd8   0x00000002   Code   RO         8827    i.HAL_SPI_TxCpltCallback  stm32h7xx_hal_spi.o
    0x08009cda   0x08009cda   0x00000002   PAD
    0x08009cdc   0x08009cdc   0x00000058   Code   RO         1801    i.HAL_SPI_TxRxCpltCallback  bmi088.o
    0x08009d34   0x08009d34   0x00000034   Code   RO         5748    i.HAL_SYSTICK_Config  stm32h7xx_hal_cortex.o
    0x08009d68   0x08009d68   0x00000002   Code   RO         9857    i.HAL_TIMEx_Break2Callback  stm32h7xx_hal_tim_ex.o
    0x08009d6a   0x08009d6a   0x00000002   Code   RO         9858    i.HAL_TIMEx_BreakCallback  stm32h7xx_hal_tim_ex.o
    0x08009d6c   0x08009d6c   0x00000002   Code   RO         9859    i.HAL_TIMEx_CommutCallback  stm32h7xx_hal_tim_ex.o
    0x08009d6e   0x08009d6e   0x00000002   PAD
    0x08009d70   0x08009d70   0x000000cc   Code   RO         9879    i.HAL_TIMEx_MasterConfigSynchronization  stm32h7xx_hal_tim_ex.o
    0x08009e3c   0x08009e3c   0x0000006e   Code   RO         9132    i.HAL_TIM_Base_Init  stm32h7xx_hal_tim.o
    0x08009eaa   0x08009eaa   0x00000002   PAD
    0x08009eac   0x08009eac   0x000000a4   Code   RO          407    i.HAL_TIM_Base_MspInit  tim.o
    0x08009f50   0x08009f50   0x000000b4   Code   RO         9137    i.HAL_TIM_Base_Start_IT  stm32h7xx_hal_tim.o
    0x0800a004   0x0800a004   0x00000134   Code   RO         9141    i.HAL_TIM_ConfigClockSource  stm32h7xx_hal_tim.o
    0x0800a138   0x0800a138   0x00000002   Code   RO         9166    i.HAL_TIM_IC_CaptureCallback  stm32h7xx_hal_tim.o
    0x0800a13a   0x0800a13a   0x000001b8   Code   RO         9180    i.HAL_TIM_IRQHandler  stm32h7xx_hal_tim.o
    0x0800a2f2   0x0800a2f2   0x00000002   PAD
    0x0800a2f4   0x0800a2f4   0x00000060   Code   RO          408    i.HAL_TIM_MspPostInit  tim.o
    0x0800a354   0x0800a354   0x00000002   Code   RO         9183    i.HAL_TIM_OC_DelayElapsedCallback  stm32h7xx_hal_tim.o
    0x0800a356   0x0800a356   0x00000170   Code   RO         9204    i.HAL_TIM_PWM_ConfigChannel  stm32h7xx_hal_tim.o
    0x0800a4c6   0x0800a4c6   0x0000006e   Code   RO         9207    i.HAL_TIM_PWM_Init  stm32h7xx_hal_tim.o
    0x0800a534   0x0800a534   0x00000030   Code   RO          410    i.HAL_TIM_PWM_MspInit  tim.o
    0x0800a564   0x0800a564   0x00000002   Code   RO         9210    i.HAL_TIM_PWM_PulseFinishedCallback  stm32h7xx_hal_tim.o
    0x0800a566   0x0800a566   0x00000002   PAD
    0x0800a568   0x0800a568   0x00000030   Code   RO         2664    i.HAL_TIM_PeriodElapsedCallback  driver_timer.o
    0x0800a598   0x0800a598   0x00000002   Code   RO         9223    i.HAL_TIM_TriggerCallback  stm32h7xx_hal_tim.o
    0x0800a59a   0x0800a59a   0x0000004e   Code   RO        10573    i.HAL_UARTEx_DisableFifoMode  stm32h7xx_hal_uart_ex.o
    0x0800a5e8   0x0800a5e8   0x00000002   Code   RO        10157    i.HAL_UARTEx_RxEventCallback  stm32h7xx_hal_uart.o
    0x0800a5ea   0x0800a5ea   0x00000002   Code   RO        10580    i.HAL_UARTEx_RxFifoFullCallback  stm32h7xx_hal_uart_ex.o
    0x0800a5ec   0x0800a5ec   0x0000005e   Code   RO        10581    i.HAL_UARTEx_SetRxFifoThreshold  stm32h7xx_hal_uart_ex.o
    0x0800a64a   0x0800a64a   0x0000005e   Code   RO        10582    i.HAL_UARTEx_SetTxFifoThreshold  stm32h7xx_hal_uart_ex.o
    0x0800a6a8   0x0800a6a8   0x00000002   Code   RO        10584    i.HAL_UARTEx_TxFifoEmptyCallback  stm32h7xx_hal_uart_ex.o
    0x0800a6aa   0x0800a6aa   0x00000002   Code   RO        10585    i.HAL_UARTEx_WakeupCallback  stm32h7xx_hal_uart_ex.o
    0x0800a6ac   0x0800a6ac   0x000000b4   Code   RO        10168    i.HAL_UART_DMAResume  stm32h7xx_hal_uart.o
    0x0800a760   0x0800a760   0x000000b8   Code   RO        10169    i.HAL_UART_DMAStop  stm32h7xx_hal_uart.o
    0x0800a818   0x0800a818   0x00000002   Code   RO        10173    i.HAL_UART_ErrorCallback  stm32h7xx_hal_uart.o
    0x0800a81a   0x0800a81a   0x00000002   PAD
    0x0800a81c   0x0800a81c   0x00000458   Code   RO        10176    i.HAL_UART_IRQHandler  stm32h7xx_hal_uart.o
    0x0800ac74   0x0800ac74   0x00000078   Code   RO        10177    i.HAL_UART_Init     stm32h7xx_hal_uart.o
    0x0800acec   0x0800acec   0x000007fc   Code   RO          485    i.HAL_UART_MspInit  usart.o
    0x0800b4e8   0x0800b4e8   0x00000074   Code   RO        10181    i.HAL_UART_Receive_DMA  stm32h7xx_hal_uart.o
    0x0800b55c   0x0800b55c   0x00000002   Code   RO        10184    i.HAL_UART_RxCpltCallback  stm32h7xx_hal_uart.o
    0x0800b55e   0x0800b55e   0x00000002   Code   RO        10185    i.HAL_UART_RxHalfCpltCallback  stm32h7xx_hal_uart.o
    0x0800b560   0x0800b560   0x000000cc   Code   RO        10187    i.HAL_UART_Transmit_DMA  stm32h7xx_hal_uart.o
    0x0800b62c   0x0800b62c   0x00000002   Code   RO        10189    i.HAL_UART_TxCpltCallback  stm32h7xx_hal_uart.o
    0x0800b62e   0x0800b62e   0x00000002   Code   RO        10190    i.HAL_UART_TxHalfCpltCallback  stm32h7xx_hal_uart.o
    0x0800b630   0x0800b630   0x00000130   Code   RO         3937    i.H_K_R_Adjustment  kalman_filter.o
    0x0800b760   0x0800b760   0x00000004   Code   RO          600    i.HardFault_Handler  stm32h7xx_it.o
    0x0800b764   0x0800b764   0x000004b0   Code   RO          865    i.HardwareConfig    hardware_config.o
    0x0800bc14   0x0800bc14   0x000002a8   Code   RO         1210    i.HodlerInit        holder.o
    0x0800bebc   0x0800bebc   0x00000498   Code   RO         1211    i.HolderGetRemoteData  holder.o
    0x0800c354   0x0800c354   0x00000080   Code   RO         1212    i.HolderReset       holder.o
    0x0800c3d4   0x0800c3d4   0x0000005e   Code   RO         1213    i.Holder_TD         holder.o
    0x0800c432   0x0800c432   0x00000002   PAD
    0x0800c434   0x0800c434   0x00000018   Code   RO         1413    i.IMU_FuncInit      ins.o
    0x0800c44c   0x0800c44c   0x00000238   Code   RO         4032    i.IMU_QuaternionEKF_F_Linearization_P_Fading  quaternions_ekf.o
    0x0800c684   0x0800c684   0x00000118   Code   RO         4033    i.IMU_QuaternionEKF_Init  quaternions_ekf.o
    0x0800c79c   0x0800c79c   0x00000034   Code   RO         4034    i.IMU_QuaternionEKF_Observe  quaternions_ekf.o
    0x0800c7d0   0x0800c7d0   0x00000128   Code   RO         4035    i.IMU_QuaternionEKF_SetH  quaternions_ekf.o
    0x0800c8f8   0x0800c8f8   0x00000604   Code   RO         4036    i.IMU_QuaternionEKF_Update  quaternions_ekf.o
    0x0800cefc   0x0800cefc   0x00000508   Code   RO         4037    i.IMU_QuaternionEKF_xhatUpdate  quaternions_ekf.o
    0x0800d404   0x0800d404   0x0000024c   Code   RO         1415    i.INS_GetAttitude   ins.o
    0x0800d650   0x0800d650   0x000000d0   Code   RO         1416    i.INS_Init          ins.o
    0x0800d720   0x0800d720   0x0000007c   Code   RO         1746    i.IfOverHeat        heat_control.o
    0x0800d79c   0x0800d79c   0x00000128   Code   RO         1418    i.InitQuaternion    ins.o
    0x0800d8c4   0x0800d8c4   0x0000070c   Code   RO         3939    i.Kalman_Filter_Init  kalman_filter.o
    0x0800dfd0   0x0800dfd0   0x00000050   Code   RO         3940    i.Kalman_Filter_Measure  kalman_filter.o
    0x0800e020   0x0800e020   0x00000068   Code   RO         3941    i.Kalman_Filter_P_Update  kalman_filter.o
    0x0800e088   0x0800e088   0x00000068   Code   RO         3942    i.Kalman_Filter_PminusUpdate  kalman_filter.o
    0x0800e0f0   0x0800e0f0   0x000000d2   Code   RO         3943    i.Kalman_Filter_SetK  kalman_filter.o
    0x0800e1c2   0x0800e1c2   0x00000002   PAD
    0x0800e1c4   0x0800e1c4   0x00000128   Code   RO         3944    i.Kalman_Filter_Update  kalman_filter.o
    0x0800e2ec   0x0800e2ec   0x0000007c   Code   RO         3945    i.Kalman_Filter_xhatMinusUpdate  kalman_filter.o
    0x0800e368   0x0800e368   0x00000086   Code   RO         3946    i.Kalman_Filter_xhatUpdate  kalman_filter.o
    0x0800e3ee   0x0800e3ee   0x00000002   PAD
    0x0800e3f0   0x0800e3f0   0x00000510   Code   RO         1657    i.KeyBoard_DataUnpack  dr16.o
    0x0800e900   0x0800e900   0x0000034c   Code   RO         2481    i.KeyBoard_DataUnpack_vt13  vt13.o
    0x0800ec4c   0x0800ec4c   0x00000028   Code   RO         1542    i.Load_Task         load.o
    0x0800ec74   0x0800ec74   0x0000013c   Code   RO         1543    i.LoaderInit        load.o
    0x0800edb0   0x0800edb0   0x000001a4   Code   RO          866    i.MPU_Init          hardware_config.o
    0x0800ef54   0x0800ef54   0x00000130   Code   RO          243    i.MX_DMA_Init       dma.o
    0x0800f084   0x0800f084   0x00000078   Code   RO          269    i.MX_FDCAN1_Init    fdcan.o
    0x0800f0fc   0x0800f0fc   0x0000007c   Code   RO          270    i.MX_FDCAN2_Init    fdcan.o
    0x0800f178   0x0800f178   0x00000168   Code   RO          219    i.MX_GPIO_Init      gpio.o
    0x0800f2e0   0x0800f2e0   0x00000058   Code   RO          318    i.MX_I2C2_Init      i2c.o
    0x0800f338   0x0800f338   0x00000058   Code   RO          319    i.MX_I2C4_Init      i2c.o
    0x0800f390   0x0800f390   0x00000060   Code   RO          366    i.MX_SPI1_Init      spi.o
    0x0800f3f0   0x0800f3f0   0x00000034   Code   RO          411    i.MX_TIM13_Init     tim.o
    0x0800f424   0x0800f424   0x00000034   Code   RO          412    i.MX_TIM14_Init     tim.o
    0x0800f458   0x0800f458   0x00000080   Code   RO          413    i.MX_TIM3_Init      tim.o
    0x0800f4d8   0x0800f4d8   0x00000070   Code   RO          414    i.MX_TIM4_Init      tim.o
    0x0800f548   0x0800f548   0x0000006c   Code   RO          486    i.MX_UART4_Init     usart.o
    0x0800f5b4   0x0800f5b4   0x0000006c   Code   RO          487    i.MX_UART5_Init     usart.o
    0x0800f620   0x0800f620   0x0000006c   Code   RO          488    i.MX_UART7_Init     usart.o
    0x0800f68c   0x0800f68c   0x0000006c   Code   RO          489    i.MX_UART8_Init     usart.o
    0x0800f6f8   0x0800f6f8   0x00000074   Code   RO          490    i.MX_USART1_UART_Init  usart.o
    0x0800f76c   0x0800f76c   0x0000006c   Code   RO          491    i.MX_USART2_UART_Init  usart.o
    0x0800f7d8   0x0800f7d8   0x0000006c   Code   RO          492    i.MX_USART3_UART_Init  usart.o
    0x0800f844   0x0800f844   0x0000006c   Code   RO          493    i.MX_USART6_UART_Init  usart.o
    0x0800f8b0   0x0800f8b0   0x00000004   Code   RO          601    i.MemManage_Handler  stm32h7xx_it.o
    0x0800f8b4   0x0800f8b4   0x000000ac   Code   RO         2352    i.MotorCanOutput    motor.o
    0x0800f960   0x0800f960   0x0000010c   Code   RO         2353    i.MotorEcdtoAngle   motor.o
    0x0800fa6c   0x0800fa6c   0x00000074   Code   RO         2354    i.MotorFillData     motor.o
    0x0800fae0   0x0800fae0   0x0000002e   Code   RO         2355    i.MotorFind         motor.o
    0x0800fb0e   0x0800fb0e   0x00000002   PAD
    0x0800fb10   0x0800fb10   0x000000bc   Code   RO         2356    i.MotorInit         motor.o
    0x0800fbcc   0x0800fbcc   0x00000028   Code   RO         2357    i.MotorOutputLimit  motor.o
    0x0800fbf4   0x0800fbf4   0x0000013c   Code   RO         2359    i.MotorRxCallback   motor.o
    0x0800fd30   0x0800fd30   0x00000070   Code   RO         2053    i.Motor_CheckFPS    check.o
    0x0800fda0   0x0800fda0   0x00000004   Code   RO          602    i.NMI_Handler       stm32h7xx_it.o
    0x0800fda4   0x0800fda4   0x00000054   Code   RO         4103    i.Norm3d            user_lib.o
    0x0800fdf8   0x0800fdf8   0x000000ae   Code   RO         1293    i.Offset_Com        omnichassis.o
    0x0800fea6   0x0800fea6   0x00000002   PAD
    0x0800fea8   0x0800fea8   0x00000104   Code   RO         1294    i.OmniChassisInit   omnichassis.o
    0x0800ffac   0x0800ffac   0x000001d8   Code   RO         1295    i.OmniChassisMotionControl  omnichassis.o
    0x08010184   0x08010184   0x000008a8   Code   RO         1296    i.OmniChassisPowerCtrl  omnichassis.o
    0x08010a2c   0x08010a2c   0x000000b4   Code   RO         1298    i.OmniChassis_Control  omnichassis.o
    0x08010ae0   0x08010ae0   0x0000011a   Code   RO         1299    i.OmniChassis_R_State  omnichassis.o
    0x08010bfa   0x08010bfa   0x00000002   PAD
    0x08010bfc   0x08010bfc   0x0000087c   Code   RO         1300    i.OmniChassis_RemoteControl  omnichassis.o
    0x08011478   0x08011478   0x00000014   Code   RO         1301    i.OmniDampedFeedforward  omnichassis.o
    0x0801148c   0x0801148c   0x0000038c   Code   RO         1658    i.PC_keybroad_filter  dr16.o
    0x08011818   0x08011818   0x00000398   Code   RO         2482    i.PC_keybroad_filter_vt13  vt13.o
    0x08011bb0   0x08011bb0   0x00000002   Code   RO          603    i.PendSV_Handler    stm32h7xx_it.o
    0x08011bb2   0x08011bb2   0x00000002   PAD
    0x08011bb4   0x08011bb4   0x00000164   Code   RO         6623    i.RCCEx_PLL2_Config  stm32h7xx_hal_rcc_ex.o
    0x08011d18   0x08011d18   0x00000164   Code   RO         6624    i.RCCEx_PLL3_Config  stm32h7xx_hal_rcc_ex.o
    0x08011e7c   0x08011e7c   0x0000000e   Code   RO         1303    i.Ramp              omnichassis.o
    0x08011e8a   0x08011e8a   0x00000002   PAD
    0x08011e8c   0x08011e8c   0x00000118   Code   RO         1963    i.Referee_Data_Diapcak  referee.o
    0x08011fa4   0x08011fa4   0x0000001c   Code   RO         1964    i.Referee_callback  referee.o
    0x08011fc0   0x08011fc0   0x000000e4   Code   RO         2054    i.RobotOnlineState  check.o
    0x080120a4   0x080120a4   0x00000008   Code   RO         2106    i.RobotToBrain      brain.o
    0x080120ac   0x080120ac   0x00000016   Code   RO         4324    i.SMC_Init          smc.o
    0x080120c2   0x080120c2   0x00000002   PAD
    0x080120c4   0x080120c4   0x00000010   Code   RO          604    i.SPI1_IRQHandler   stm32h7xx_it.o
    0x080120d4   0x080120d4   0x000000d6   Code   RO         8832    i.SPI_CloseTransfer  stm32h7xx_hal_spi.o
    0x080121aa   0x080121aa   0x0000001c   Code   RO         8833    i.SPI_DMAAbortOnError  stm32h7xx_hal_spi.o
    0x080121c6   0x080121c6   0x0000001a   Code   RO         8843    i.SPI_GetPacketSize  stm32h7xx_hal_spi.o
    0x080121e0   0x080121e0   0x00000020   Code   RO         2631    i.SPI_RegisterSlave  driver_spi.o
    0x08012200   0x08012200   0x0000002c   Code   RO         8844    i.SPI_RxISR_16BIT   stm32h7xx_hal_spi.o
    0x0801222c   0x0801222c   0x0000002c   Code   RO         8845    i.SPI_RxISR_32BIT   stm32h7xx_hal_spi.o
    0x08012258   0x08012258   0x0000002e   Code   RO         8846    i.SPI_RxISR_8BIT    stm32h7xx_hal_spi.o
    0x08012286   0x08012286   0x0000002c   Code   RO         8847    i.SPI_TxISR_16BIT   stm32h7xx_hal_spi.o
    0x080122b2   0x080122b2   0x0000002c   Code   RO         8848    i.SPI_TxISR_32BIT   stm32h7xx_hal_spi.o
    0x080122de   0x080122de   0x0000002e   Code   RO         8849    i.SPI_TxISR_8BIT    stm32h7xx_hal_spi.o
    0x0801230c   0x0801230c   0x00000040   Code   RO         8850    i.SPI_WaitOnFlagUntilTimeout  stm32h7xx_hal_spi.o
    0x0801234c   0x0801234c   0x00000002   Code   RO          605    i.SVC_Handler       stm32h7xx_it.o
    0x0801234e   0x0801234e   0x00000002   PAD
    0x08012350   0x08012350   0x000001f4   Code   RO         1544    i.Shoot_Fire_Mode_Control  load.o
    0x08012544   0x08012544   0x00000108   Code   RO         1545    i.Shoot_Mode_Change  load.o
    0x0801264c   0x0801264c   0x00000094   Code   RO         1304    i.Slope_Com         omnichassis.o
    0x080126e0   0x080126e0   0x00000068   Code   RO         4107    i.Sqrt              user_lib.o
    0x08012748   0x08012748   0x000000fc   Code   RO         1917    i.SupercapControl   supercap.o
    0x08012844   0x08012844   0x00000060   Code   RO         1918    i.Supercap_rxCallBack  supercap.o
    0x080128a4   0x080128a4   0x00000008   Code   RO          606    i.SysTick_Handler   stm32h7xx_it.o
    0x080128ac   0x080128ac   0x0000014c   Code   RO           14    i.SystemClock_Config  main.o
    0x080129f8   0x080129f8   0x000000fc   Code   RO        10691    i.SystemInit        system_stm32h7xx.o
    0x08012af4   0x08012af4   0x00000028   Code   RO         1062    i.TIM13_Task        control_logic.o
    0x08012b1c   0x08012b1c   0x00000360   Code   RO         1063    i.TIM14_Task        control_logic.o
    0x08012e7c   0x08012e7c   0x00000010   Code   RO          607    i.TIM8_TRG_COM_TIM14_IRQHandler  stm32h7xx_it.o
    0x08012e8c   0x08012e8c   0x00000010   Code   RO          608    i.TIM8_UP_TIM13_IRQHandler  stm32h7xx_it.o
    0x08012e9c   0x08012e9c   0x000000cc   Code   RO         9225    i.TIM_Base_SetConfig  stm32h7xx_hal_tim.o
    0x08012f68   0x08012f68   0x00000016   Code   RO         9236    i.TIM_ETR_SetConfig  stm32h7xx_hal_tim.o
    0x08012f7e   0x08012f7e   0x00000002   PAD
    0x08012f80   0x08012f80   0x00000018   Code   RO         9237    i.TIM_ITRx_SetConfig  stm32h7xx_hal_tim.o
    0x08012f98   0x08012f98   0x000000ac   Code   RO         9238    i.TIM_OC1_SetConfig  stm32h7xx_hal_tim.o
    0x08013044   0x08013044   0x000000b4   Code   RO         9239    i.TIM_OC2_SetConfig  stm32h7xx_hal_tim.o
    0x080130f8   0x080130f8   0x000000b4   Code   RO         9240    i.TIM_OC3_SetConfig  stm32h7xx_hal_tim.o
    0x080131ac   0x080131ac   0x00000074   Code   RO         9241    i.TIM_OC4_SetConfig  stm32h7xx_hal_tim.o
    0x08013220   0x08013220   0x00000070   Code   RO         9242    i.TIM_OC5_SetConfig  stm32h7xx_hal_tim.o
    0x08013290   0x08013290   0x00000070   Code   RO         9243    i.TIM_OC6_SetConfig  stm32h7xx_hal_tim.o
    0x08013300   0x08013300   0x0000000c   Code   RO         2665    i.TIM_Open          driver_timer.o
    0x0801330c   0x0801330c   0x00000026   Code   RO         9245    i.TIM_TI1_ConfigInputStage  stm32h7xx_hal_tim.o
    0x08013332   0x08013332   0x00000028   Code   RO         9247    i.TIM_TI2_ConfigInputStage  stm32h7xx_hal_tim.o
    0x0801335a   0x0801335a   0x00000002   PAD
    0x0801335c   0x0801335c   0x00000030   Code   RO         2666    i.TIMx_Init         driver_timer.o
    0x0801338c   0x0801338c   0x00000020   Code   RO          609    i.UART4_IRQHandler  stm32h7xx_it.o
    0x080133ac   0x080133ac   0x00000010   Code   RO          610    i.UART5_IRQHandler  stm32h7xx_it.o
    0x080133bc   0x080133bc   0x00000010   Code   RO          611    i.UART7_IRQHandler  stm32h7xx_it.o
    0x080133cc   0x080133cc   0x00000020   Code   RO          612    i.UART8_IRQHandler  stm32h7xx_it.o
    0x080133ec   0x080133ec   0x00000058   Code   RO        10586    i.UARTEx_SetNbDataToProcess  stm32h7xx_hal_uart_ex.o
    0x08013444   0x08013444   0x000000f8   Code   RO        10191    i.UART_AdvFeatureConfig  stm32h7xx_hal_uart.o
    0x0801353c   0x0801353c   0x00000076   Code   RO        10192    i.UART_CheckIdleState  stm32h7xx_hal_uart.o
    0x080135b2   0x080135b2   0x00000018   Code   RO        10193    i.UART_DMAAbortOnError  stm32h7xx_hal_uart.o
    0x080135ca   0x080135ca   0x0000005e   Code   RO        10194    i.UART_DMAError     stm32h7xx_hal_uart.o
    0x08013628   0x08013628   0x000000aa   Code   RO        10195    i.UART_DMAReceiveCplt  stm32h7xx_hal_uart.o
    0x080136d2   0x080136d2   0x00000022   Code   RO        10197    i.UART_DMARxHalfCplt  stm32h7xx_hal_uart.o
    0x080136f4   0x080136f4   0x00000054   Code   RO        10199    i.UART_DMATransmitCplt  stm32h7xx_hal_uart.o
    0x08013748   0x08013748   0x0000000e   Code   RO        10201    i.UART_DMATxHalfCplt  stm32h7xx_hal_uart.o
    0x08013756   0x08013756   0x00000012   Code   RO         2892    i.UART_ENABLE_IT    driver_usart.o
    0x08013768   0x08013768   0x0000006c   Code   RO        10203    i.UART_EndRxTransfer  stm32h7xx_hal_uart.o
    0x080137d4   0x080137d4   0x00000030   Code   RO        10204    i.UART_EndTransmit_IT  stm32h7xx_hal_uart.o
    0x08013804   0x08013804   0x00000040   Code   RO        10205    i.UART_EndTxTransfer  stm32h7xx_hal_uart.o
    0x08013844   0x08013844   0x0000005a   Code   RO         2893    i.UART_Idle_Handler  driver_usart.o
    0x0801389e   0x0801389e   0x00000012   Code   RO         2894    i.UART_Receive_DMA  driver_usart.o
    0x080138b0   0x080138b0   0x0000058c   Code   RO        10210    i.UART_SetConfig    stm32h7xx_hal_uart.o
    0x08013e3c   0x08013e3c   0x000000d4   Code   RO        10211    i.UART_Start_Receive_DMA  stm32h7xx_hal_uart.o
    0x08013f10   0x08013f10   0x000000fe   Code   RO        10217    i.UART_WaitOnFlagUntilTimeout  stm32h7xx_hal_uart.o
    0x0801400e   0x0801400e   0x00000002   PAD
    0x08014010   0x08014010   0x000000b4   Code   RO         2896    i.UARTx_Init        driver_usart.o
    0x080140c4   0x080140c4   0x000001e8   Code   RO         2977    i.UI_open           ui.o
    0x080142ac   0x080142ac   0x0000030c   Code   RO         2897    i.USART1_DoubleBuffer_init  driver_usart.o
    0x080145b8   0x080145b8   0x00000020   Code   RO          613    i.USART1_IRQHandler  stm32h7xx_it.o
    0x080145d8   0x080145d8   0x0000043e   Code   RO         2898    i.USART1_Idle_Handler  driver_usart.o
    0x08014a16   0x08014a16   0x00000002   PAD
    0x08014a18   0x08014a18   0x00000010   Code   RO          614    i.USART2_IRQHandler  stm32h7xx_it.o
    0x08014a28   0x08014a28   0x00000020   Code   RO          615    i.USART3_IRQHandler  stm32h7xx_it.o
    0x08014a48   0x08014a48   0x00000020   Code   RO          616    i.USART6_IRQHandler  stm32h7xx_it.o
    0x08014a68   0x08014a68   0x00000004   Code   RO          617    i.UsageFault_Handler  stm32h7xx_it.o
    0x08014a6c   0x08014a6c   0x00000034   Code   RO          494    i.UsartDmaPrintf    usart.o
    0x08014aa0   0x08014aa0   0x00000042   Code   RO         2483    i.VT13Init          vt13.o
    0x08014ae2   0x08014ae2   0x00000002   PAD
    0x08014ae4   0x08014ae4   0x0000005c   Code   RO         2484    i.VT13_callback     vt13.o
    0x08014b40   0x08014b40   0x000000b8   Code   RO         1305    i.VectorSolve       omnichassis.o
    0x08014bf8   0x08014bf8   0x00000040   Code   RO         1965    i.Verify_CRC16_Check_Sum  referee.o
    0x08014c38   0x08014c38   0x0000002e   Code   RO         1966    i.Verify_CRC8_Check_Sum  referee.o
    0x08014c66   0x08014c66   0x00000020   Code   RO         1214    i.Zero_Init         holder.o
    0x08014c86   0x08014c86   0x00000002   PAD
    0x08014c88   0x08014c88   0x000004a8   Code   RO         1967    i._Data_Diapcak     referee.o
    0x08015130   0x08015130   0x00000028   Code   RO        11172    i.__0sprintf        mc_w.l(printfa.o)
    0x08015158   0x08015158   0x0000002c   Code   RO        11175    i.__0vsnprintf      mc_w.l(printfa.o)
    0x08015184   0x08015184   0x00000030   Code   RO        11251    i.__ARM_fpclassify  m_wv.l(fpclassify.o)
    0x080151b4   0x080151b4   0x00000026   Code   RO        11253    i.__ARM_fpclassifyf  m_wv.l(fpclassifyf.o)
    0x080151da   0x080151da   0x00000002   PAD
    0x080151dc   0x080151dc   0x00000010   Code   RO         5750    i.__NVIC_GetPriorityGrouping  stm32h7xx_hal_cortex.o
    0x080151ec   0x080151ec   0x00000028   Code   RO         5751    i.__NVIC_SetPriority  stm32h7xx_hal_cortex.o
    0x08015214   0x08015214   0x00000124   Code   RO        10724    i.__hardfp_acosf    m_wv.l(acosf.o)
    0x08015338   0x08015338   0x00000138   Code   RO        10736    i.__hardfp_asinf    m_wv.l(asinf.o)
    0x08015470   0x08015470   0x00000200   Code   RO        10748    i.__hardfp_atan     m_wv.l(atan.o)
    0x08015670   0x08015670   0x00000258   Code   RO        10762    i.__hardfp_atan2f   m_wv.l(atan2f.o)
    0x080158c8   0x080158c8   0x000000b0   Code   RO        10774    i.__hardfp_cos      m_wv.l(cos.o)
    0x08015978   0x08015978   0x00000150   Code   RO        10786    i.__hardfp_cosf     m_wv.l(cosf.o)
    0x08015ac8   0x08015ac8   0x000008f8   Code   RO        10854    i.__hardfp_pow      m_wv.l(pow.o)
    0x080163c0   0x080163c0   0x000000b0   Code   RO        10868    i.__hardfp_sin      m_wv.l(sin.o)
    0x08016470   0x08016470   0x00000194   Code   RO        10880    i.__hardfp_sinf     m_wv.l(sinf.o)
    0x08016604   0x08016604   0x00000066   Code   RO        10892    i.__hardfp_sqrt     m_wv.l(sqrt.o)
    0x0801666a   0x0801666a   0x0000003a   Code   RO        10904    i.__hardfp_sqrtf    m_wv.l(sqrtf.o)
    0x080166a4   0x080166a4   0x00000004   PAD
    0x080166a8   0x080166a8   0x00000310   Code   RO        11272    i.__ieee754_rem_pio2  m_wv.l(rred.o)
    0x080169b8   0x080169b8   0x000000e0   Code   RO        11228    i.__kernel_cos      m_wv.l(cos_i.o)
    0x08016a98   0x08016a98   0x00000070   Code   RO        11269    i.__kernel_poly     m_wv.l(poly.o)
    0x08016b08   0x08016b08   0x000000a8   Code   RO        11280    i.__kernel_sin      m_wv.l(sin_i.o)
    0x08016bb0   0x08016bb0   0x00000020   Code   RO        11231    i.__mathlib_dbl_divzero  m_wv.l(dunder.o)
    0x08016bd0   0x08016bd0   0x00000006   Code   RO        11232    i.__mathlib_dbl_infnan  m_wv.l(dunder.o)
    0x08016bd6   0x08016bd6   0x00000006   Code   RO        11233    i.__mathlib_dbl_infnan2  m_wv.l(dunder.o)
    0x08016bdc   0x08016bdc   0x00000004   PAD
    0x08016be0   0x08016be0   0x00000018   Code   RO        11234    i.__mathlib_dbl_invalid  m_wv.l(dunder.o)
    0x08016bf8   0x08016bf8   0x00000018   Code   RO        11235    i.__mathlib_dbl_overflow  m_wv.l(dunder.o)
    0x08016c10   0x08016c10   0x00000018   Code   RO        11237    i.__mathlib_dbl_underflow  m_wv.l(dunder.o)
    0x08016c28   0x08016c28   0x00000006   Code   RO        11256    i.__mathlib_flt_infnan  m_wv.l(funder.o)
    0x08016c2e   0x08016c2e   0x00000006   Code   RO        11257    i.__mathlib_flt_infnan2  m_wv.l(funder.o)
    0x08016c34   0x08016c34   0x00000010   Code   RO        11258    i.__mathlib_flt_invalid  m_wv.l(funder.o)
    0x08016c44   0x08016c44   0x00000010   Code   RO        11261    i.__mathlib_flt_underflow  m_wv.l(funder.o)
    0x08016c54   0x08016c54   0x00000154   Code   RO        11277    i.__mathlib_rredf2  m_wv.l(rredf.o)
    0x08016da8   0x08016da8   0x0000000e   Code   RO        11341    i.__scatterload_copy  mc_w.l(handlers.o)
    0x08016db6   0x08016db6   0x00000002   Code   RO        11342    i.__scatterload_null  mc_w.l(handlers.o)
    0x08016db8   0x08016db8   0x0000000e   Code   RO        11343    i.__scatterload_zeroinit  mc_w.l(handlers.o)
    0x08016dc6   0x08016dc6   0x00000002   PAD
    0x08016dc8   0x08016dc8   0x0000000c   Code   RO        11311    i.__set_errno       mc_w.l(errno.o)
    0x08016dd4   0x08016dd4   0x00000184   Code   RO        11177    i._fp_digits        mc_w.l(printfa.o)
    0x08016f58   0x08016f58   0x000006dc   Code   RO        11178    i._printf_core      mc_w.l(printfa.o)
    0x08017634   0x08017634   0x00000024   Code   RO        11179    i._printf_post_padding  mc_w.l(printfa.o)
    0x08017658   0x08017658   0x0000002e   Code   RO        11180    i._printf_pre_padding  mc_w.l(printfa.o)
    0x08017686   0x08017686   0x00000016   Code   RO        11181    i._snputc           mc_w.l(printfa.o)
    0x0801769c   0x0801769c   0x0000000a   Code   RO        11182    i._sputc            mc_w.l(printfa.o)
    0x080176a6   0x080176a6   0x00000002   PAD
    0x080176a8   0x080176a8   0x0000012c   Code   RO         3468    i._ui_init_g_Ungroup_0  ui_g_ungroup_0.o
    0x080177d4   0x080177d4   0x000000c0   Code   RO         3016    i._ui_init_g_danliang_0  ui_g_danliang_0.o
    0x08017894   0x08017894   0x000000c0   Code   RO         3069    i._ui_init_g_danliang_1  ui_g_danliang_1.o
    0x08017954   0x08017954   0x000000c0   Code   RO         3112    i._ui_init_g_danliang_2  ui_g_danliang_2.o
    0x08017a14   0x08017a14   0x00000130   Code   RO         3155    i._ui_init_g_danliang_3  ui_g_danliang_3.o
    0x08017b44   0x08017b44   0x000000c0   Code   RO         3249    i._ui_init_g_dongtai_1  ui_g_dongtai_1.o
    0x08017c04   0x08017c04   0x00000200   Code   RO         3292    i._ui_init_g_dongtai_2  ui_g_dongtai_2.o
    0x08017e04   0x08017e04   0x000000c0   Code   RO         3584    i._ui_init_g_roll_1  ui_g_roll_0.o
    0x08017ec4   0x08017ec4   0x000003c0   Code   RO         3339    i._ui_init_g_shizi_0  ui_g_shizi_0.o
    0x08018284   0x08018284   0x000000c4   Code   RO         3382    i._ui_init_g_static_0  ui_g_static_0.o
    0x08018348   0x08018348   0x000001c4   Code   RO         3425    i._ui_init_g_static_1  ui_g_static_1.o
    0x0801850c   0x0801850c   0x000001dc   Code   RO         3634    i._ui_init_g_zimiao_0  ui_g_zimiao_0.o
    0x080186e8   0x080186e8   0x000000e4   Code   RO         3470    i._ui_update_g_Ungroup_0  ui_g_ungroup_0.o
    0x080187cc   0x080187cc   0x00000048   Code   RO         3251    i._ui_update_g_dongtai_1  ui_g_dongtai_1.o
    0x08018814   0x08018814   0x000001dc   Code   RO         3294    i._ui_update_g_dongtai_2  ui_g_dongtai_2.o
    0x080189f0   0x080189f0   0x000000a0   Code   RO         3586    i._ui_update_g_roll  ui_g_roll_0.o
    0x08018a90   0x08018a90   0x00000128   Code   RO         3636    i._ui_update_g_zimiao_0  ui_g_zimiao_0.o
    0x08018bb8   0x08018bb8   0x00000038   Code   RO         5200    i.arm_mat_add_f32   matrixfunctions.o
    0x08018bf0   0x08018bf0   0x00000008   Code   RO         5211    i.arm_mat_init_f32  matrixfunctions.o
    0x08018bf8   0x08018bf8   0x00000268   Code   RO         5214    i.arm_mat_inverse_f32  matrixfunctions.o
    0x08018e60   0x08018e60   0x000000bc   Code   RO         5218    i.arm_mat_mult_f32  matrixfunctions.o
    0x08018f1c   0x08018f1c   0x00000038   Code   RO         5233    i.arm_mat_sub_f32   matrixfunctions.o
    0x08018f54   0x08018f54   0x00000044   Code   RO         5237    i.arm_mat_trans_f32  matrixfunctions.o
    0x08018f98   0x08018f98   0x0000007c   Code   RO         1802    i.bmi088Accel_CallBack  bmi088.o
    0x08019014   0x08019014   0x0000000a   Code   RO         1803    i.bmi088Gyro_CallBack  bmi088.o
    0x0801901e   0x0801901e   0x00000002   PAD
    0x08019020   0x08019020   0x00000038   Code   RO         3511    i.calc_crc16        ui_interface.o
    0x08019058   0x08019058   0x00000024   Code   RO         3512    i.calc_crc8         ui_interface.o
    0x0801907c   0x0801907c   0x00000018   Code   RO        11247    i.fabs              m_wv.l(fabs.o)
    0x08019094   0x08019094   0x0000003c   Code   RO         4113    i.invSqrt           user_lib.o
    0x080190d0   0x080190d0   0x0000005c   Code   RO           15    i.main              main.o
    0x0801912c   0x0801912c   0x0000006c   Code   RO        11199    i.malloc            mc_w.l(malloc.o)
    0x08019198   0x08019198   0x0000006a   Code   RO        10894    i.sqrt              m_wv.l(sqrt.o)
    0x08019202   0x08019202   0x0000003e   Code   RO        10906    i.sqrtf             m_wv.l(sqrtf.o)
    0x08019240   0x08019240   0x00000060   Code   RO         3514    i.ui_proc_1_frame   ui_interface.o
    0x080192a0   0x080192a0   0x00000060   Code   RO         3515    i.ui_proc_2_frame   ui_interface.o
    0x08019300   0x08019300   0x00000060   Code   RO         3516    i.ui_proc_5_frame   ui_interface.o
    0x08019360   0x08019360   0x00000074   Code   RO         3518    i.ui_proc_string_frame  ui_interface.o
    0x080193d4   0x080193d4   0x00000006   Code   RO          867    i.vofa_callback     hardware_config.o
    0x080193da   0x080193da   0x00000002   PAD
    0x080193dc   0x080193dc   0x00000190   Code   RO         2485    i.vt13_recv_datas_modify  vt13.o
    0x0801956c   0x0801956c   0x0000003c   Data   RO         1420    .constdata          ins.o
    0x080195a8   0x080195a8   0x00000302   Data   RO         1970    .constdata          referee.o
    0x080198aa   0x080198aa   0x00000300   Data   RO         3519    .constdata          ui_interface.o
    0x08019baa   0x08019baa   0x00000002   PAD
    0x08019bac   0x08019bac   0x00000090   Data   RO         4039    .constdata          quaternions_ekf.o
    0x08019c3c   0x08019c3c   0x0000005c   Data   RO         5977    .constdata          stm32h7xx_hal_fdcan.o
    0x08019c98   0x08019c98   0x00000008   Data   RO         7212    .constdata          stm32h7xx_hal_dma.o
    0x08019ca0   0x08019ca0   0x00000018   Data   RO        10218    .constdata          stm32h7xx_hal_uart.o
    0x08019cb8   0x08019cb8   0x00000010   Data   RO        10588    .constdata          stm32h7xx_hal_uart_ex.o
    0x08019cc8   0x08019cc8   0x00000010   Data   RO        10692    .constdata          system_stm32h7xx.o
    0x08019cd8   0x08019cd8   0x00000098   Data   RO        10751    .constdata          m_wv.l(atan.o)
    0x08019d70   0x08019d70   0x00000088   Data   RO        10857    .constdata          m_wv.l(pow.o)
    0x08019df8   0x08019df8   0x00000030   Data   RO        11229    .constdata          m_wv.l(cos_i.o)
    0x08019e28   0x08019e28   0x00000008   Data   RO        11271    .constdata          m_wv.l(qnan.o)
    0x08019e30   0x08019e30   0x000000c8   Data   RO        11274    .constdata          m_wv.l(rred.o)
    0x08019ef8   0x08019ef8   0x00000020   Data   RO        11278    .constdata          m_wv.l(rredf.o)
    0x08019f18   0x08019f18   0x00000028   Data   RO        11281    .constdata          m_wv.l(sin_i.o)
    0x08019f40   0x08019f40   0x00000020   Data   RO        11339    Region$$Table       anon$$obj.o


    Execution Region RW_IRAM1 (Exec base: 0x20000000, Load base: 0x08019f60, Size: 0x00000000, Max: 0x00020000, ABSOLUTE)

    **** No section assigned to this execution region ****


    Execution Region RW_IRAM2 (Exec base: 0x24000000, Load base: 0x08019f60, Size: 0x00065080, Max: 0x00080000, ABSOLUTE, COMPRESSED[0x0000015c])

    Exec Addr    Load Addr    Size         Type   Attr      Idx    E Section Name        Object

    0x24000000   COMPRESSED   0x00000004   Data   RW          272    .data               fdcan.o
    0x24000004   COMPRESSED   0x00000008   Data   RW          869    .data               hardware_config.o
    0x2400000c   COMPRESSED   0x0000001c   Data   RW         1064    .data               control_logic.o
    0x24000028   COMPRESSED   0x00000024   Data   RW         1215    .data               holder.o
    0x2400004c   COMPRESSED   0x0000008c   Data   RW         1306    .data               omnichassis.o
    0x240000d8   COMPRESSED   0x00000048   Data   RW         1421    .data               ins.o
    0x24000120   COMPRESSED   0x00000028   Data   RW         1546    .data               load.o
    0x24000148   COMPRESSED   0x00000044   Data   RW         1661    .data               dr16.o
    0x2400018c   COMPRESSED   0x00000008   Data   RW         1748    .data               heat_control.o
    0x24000194   COMPRESSED   0x000000da   Data   RW         1805    .data               bmi088.o
    0x2400026e   COMPRESSED   0x00000002   PAD
    0x24000270   COMPRESSED   0x00000034   Data   RW         1919    .data               supercap.o
    0x240002a4   COMPRESSED   0x00000004   PAD
    0x240002a8   COMPRESSED   0x0000001e   Data   RW         1971    .data               referee.o
    0x240002c6   COMPRESSED   0x00000002   PAD
    0x240002c8   COMPRESSED   0x00000004   Data   RW         2056    .data               check.o
    0x240002cc   COMPRESSED   0x00000004   PAD
    0x240002d0   COMPRESSED   0x00000039   Data   RW         2108    .data               brain.o
    0x24000309   COMPRESSED   0x00000003   PAD
    0x2400030c   COMPRESSED   0x0000005a   Data   RW         2360    .data               motor.o
    0x24000366   COMPRESSED   0x00000002   PAD
    0x24000368   COMPRESSED   0x0000003e   Data   RW         2487    .data               vt13.o
    0x240003a6   COMPRESSED   0x00000002   PAD
    0x240003a8   COMPRESSED   0x00000020   Data   RW         2548    .data               driver_can.o
    0x240003c8   COMPRESSED   0x00000048   Data   RW         2632    .data               driver_spi.o
    0x24000410   COMPRESSED   0x00000048   Data   RW         2715    .data               driver_counter.o
    0x24000458   COMPRESSED   0x00000040   Data   RW         2900    .data               driver_usart.o
    0x24000498   COMPRESSED   0x00000004   Data   RW         3020    .data               ui_g_danliang_0.o
    0x2400049c   COMPRESSED   0x00000004   Data   RW         3073    .data               ui_g_danliang_1.o
    0x240004a0   COMPRESSED   0x00000004   Data   RW         3116    .data               ui_g_danliang_2.o
    0x240004a4   COMPRESSED   0x00000004   Data   RW         3159    .data               ui_g_danliang_3.o
    0x240004a8   COMPRESSED   0x00000004   Data   RW         3253    .data               ui_g_dongtai_1.o
    0x240004ac   COMPRESSED   0x00000008   Data   RW         3296    .data               ui_g_dongtai_2.o
    0x240004b4   COMPRESSED   0x00000014   Data   RW         3343    .data               ui_g_shizi_0.o
    0x240004c8   COMPRESSED   0x00000004   Data   RW         3386    .data               ui_g_static_0.o
    0x240004cc   COMPRESSED   0x00000008   Data   RW         3429    .data               ui_g_static_1.o
    0x240004d4   COMPRESSED   0x00000004   Data   RW         3472    .data               ui_g_ungroup_0.o
    0x240004d8   COMPRESSED   0x00000008   Data   RW         3520    .data               ui_interface.o
    0x240004e0   COMPRESSED   0x00000004   Data   RW         3588    .data               ui_g_roll_0.o
    0x240004e4   COMPRESSED   0x00000008   Data   RW         3638    .data               ui_g_zimiao_0.o
    0x240004ec   COMPRESSED   0x00000004   Data   RW         3803    .data               pid.o
    0x240004f0   COMPRESSED   0x00000020   Data   RW         3947    .data               kalman_filter.o
    0x24000510   COMPRESSED   0x000000d4   Data   RW         4040    .data               quaternions_ekf.o
    0x240005e4   COMPRESSED   0x00000009   Data   RW         7950    .data               stm32h7xx_hal.o
    0x240005ed   COMPRESSED   0x00000003   PAD
    0x240005f0   COMPRESSED   0x00000008   Data   RW        10693    .data               system_stm32h7xx.o
    0x240005f8   COMPRESSED   0x00000004   Data   RW        11307    .data               mc_w.l(mvars.o)
    0x240005fc   COMPRESSED   0x00000004   Data   RW        11308    .data               mc_w.l(mvars.o)
    0x24000600   COMPRESSED   0x00000004   Data   RW        11312    .data               mc_w.l(errno.o)
    0x24000604        -       0x00000140   Zero   RW          271    .bss                fdcan.o
    0x24000744        -       0x00000098   Zero   RW          320    .bss                i2c.o
    0x240007dc        -       0x00000178   Zero   RW          367    .bss                spi.o
    0x24000954        -       0x00000130   Zero   RW          415    .bss                tim.o
    0x24000a84        -       0x00000b18   Zero   RW          495    .bss                usart.o
    0x2400159c   COMPRESSED   0x00000004   PAD
    0x240015a0        -       0x000015fc   Zero   RW          868    .bss                hardware_config.o
    0x24002b9c        -       0x000000d8   Zero   RW         1419    .bss                ins.o
    0x24002c74        -       0x00000120   Zero   RW         1660    .bss                dr16.o
    0x24002d94   COMPRESSED   0x00000004   PAD
    0x24002d98        -       0x00000048   Zero   RW         1747    .bss                heat_control.o
    0x24002de0        -       0x00000079   Zero   RW         1804    .bss                bmi088.o
    0x24002e59   COMPRESSED   0x00000007   PAD
    0x24002e60        -       0x00000c0b   Zero   RW         1969    .bss                referee.o
    0x24003a6b   COMPRESSED   0x00000001   PAD
    0x24003a6c        -       0x00000060   Zero   RW         2055    .bss                check.o
    0x24003acc        -       0x0000084a   Zero   RW         2107    .bss                brain.o
    0x24004316   COMPRESSED   0x00000002   PAD
    0x24004318        -       0x00000080   Zero   RW         2486    .bss                vt13.o
    0x24004398        -       0x00000038   Zero   RW         2667    .bss                driver_timer.o
    0x240043d0        -       0x0000003c   Zero   RW         3019    .bss                ui_g_danliang_0.o
    0x2400440c        -       0x0000003c   Zero   RW         3072    .bss                ui_g_danliang_1.o
    0x24004448        -       0x0000003c   Zero   RW         3115    .bss                ui_g_danliang_2.o
    0x24004484        -       0x0000001e   Zero   RW         3158    .bss                ui_g_danliang_3.o
    0x240044a2        -       0x0000003c   Zero   RW         3252    .bss                ui_g_dongtai_1.o
    0x240044de        -       0x0000002d   Zero   RW         3295    .bss                ui_g_dongtai_2.o
    0x2400450b        -       0x0000005a   Zero   RW         3342    .bss                ui_g_shizi_0.o
    0x24004565        -       0x0000003c   Zero   RW         3385    .bss                ui_g_static_0.o
    0x240045a1        -       0x0000002d   Zero   RW         3428    .bss                ui_g_static_1.o
    0x240045ce        -       0x0000001e   Zero   RW         3471    .bss                ui_g_ungroup_0.o
    0x240045ec        -       0x0000003c   Zero   RW         3587    .bss                ui_g_roll_0.o
    0x24004628        -       0x0000002d   Zero   RW         3637    .bss                ui_g_zimiao_0.o
    0x24004655   COMPRESSED   0x00000003   PAD
    0x24004658        -       0x00000270   Zero   RW         4038    .bss                quaternions_ekf.o
    0x240048c8        -       0x0000003c   Zero   RW         4327    .bss                smc.o
    0x24004904   COMPRESSED   0x00000004   PAD
    0x24004908        -       0x00001200   Zero   RW            2    HEAP                startup_stm32h750xx.o
    0x24005b08   COMPRESSED   0x000004f8   PAD
    0x24006000        -       0x00000024   Zero   RW         1659    .ARM.__AT_0x24006000  dr16.o
    0x24006024   COMPRESSED   0x00000004   PAD
    0x24006028        -       0x00000800   Zero   RW            1    STACK               startup_stm32h750xx.o
    0x24006828   COMPRESSED   0x000217d8   PAD
    0x24028000        -       0x00000100   Zero   RW         1968    .ARM.__AT_0x24028000  referee.o
    0x24028100   COMPRESSED   0x0003cf00   PAD
    0x24065000        -       0x00000080   Zero   RW         2192    .ARM.__AT_0x24065000  interaction.o


==============================================================================

Image component sizes


      Code (inc. data)   RO Data    RW Data    ZI Data      Debug   Object Name

         0          0          0          0          0       1640   basicmathfunctions.o
      3498        230          0        218        121      16020   bmi088.o
      1432        136          0         57       2122       7138   brain.o
       414         18          0          4         96       7601   check.o
      1000        126          0         28          0      48942   control_logic.o
       304          6          0          0          0       1086   dma.o
      3200        182          0         68        324      24936   dr16.o
       252         34          0         32          0       4670   driver_can.o
       616        118          0         72          0    1350390   driver_counter.o
        32          0          0         72          0       5200   driver_spi.o
       108         36          0          0         56       3457   driver_timer.o
      2172        106          0         64          0       7114   driver_usart.o
       600         42          0          4        320       3064   fdcan.o
       360         24          0          0          0       1279   gpio.o
      1626        326          0          8       5628      64003   hardware_config.o
       124         14          0          8         72       1995   heat_control.o
      2418        136          0         36          0      13723   holder.o
       456         50          0          0        152       2862   i2c.o
      1808        112         60         72        216       8816   ins.o
         0          0          0          0        128       5550   interaction.o
      3160         26          0         32          0      11278   kalman_filter.o
      3154        196          0         40          0      14009   load.o
       430         14          0          0          0    1354650   main.o
       992         10          0          0          0      10676   matrixfunctions.o
      1774        150          0         90          0      14777   motor.o
      6134        424          0        140          0      19519   omnichassis.o
      1616         78          0          4          0       9326   pid.o
      4024        218        144        212        624      11099   quaternions_ekf.o
      1698         78        770         30       3339      15493   referee.o
        22          0          0          0         60       1845   smc.o
       468         34          0          0        376       2347   spi.o
        36          8        664          0       6656        900   startup_stm32h750xx.o
       272         52          0          9          0      23904   stm32h7xx_hal.o
       510         38          0          0          0      42957   stm32h7xx_hal_cortex.o
      8668        168          8          0          0      14637   stm32h7xx_hal_dma.o
      3536         52         92          0          0      24169   stm32h7xx_hal_fdcan.o
       536         52          0          0          0       3059   stm32h7xx_hal_gpio.o
       196          4          0          0          0       2891   stm32h7xx_hal_i2c.o
       210          0          0          0          0       2163   stm32h7xx_hal_i2c_ex.o
        44          6          0          0          0        990   stm32h7xx_hal_msp.o
        96          6          0          0          0        845   stm32h7xx_hal_pwr_ex.o
      3552        108          0          0          0       7356   stm32h7xx_hal_rcc.o
      4784        110          0          0          0       7633   stm32h7xx_hal_rcc_ex.o
      3000         42          0          0          0      14709   stm32h7xx_hal_spi.o
      2724        236          0          0          0      17382   stm32h7xx_hal_tim.o
       210         30          0          0          0       3456   stm32h7xx_hal_tim_ex.o
      4820        178         24          0          0      42754   stm32h7xx_hal_uart.o
       360         10         16          0          0       5990   stm32h7xx_hal_uart_ex.o
       562        208          0          0          0      26515   stm32h7xx_it.o
       656         86          0         52          0       4734   supercap.o
       252         40         16          8          0       1466   system_stm32h7xx.o
       652         76          0          0        304       5537   tim.o
       488         18          0          0          0        758   ui.o
       192         18          0          4         60       5604   ui_g_danliang_0.o
       192         18          0          4         60       1621   ui_g_danliang_1.o
       192         18          0          4         60       1621   ui_g_danliang_2.o
       304         12          0          4         30       1765   ui_g_danliang_3.o
       264         38          0          4         60       2317   ui_g_dongtai_1.o
       988         62          0          8         45       2917   ui_g_dongtai_2.o
       352         44          0          4         60       2180   ui_g_roll_0.o
       960         30          0         20         90       2052   ui_g_shizi_0.o
       196         22          0          4         60       1617   ui_g_static_0.o
       452         18          0          8         45       1832   ui_g_static_1.o
       528         30          0          4         30       2514   ui_g_ungroup_0.o
       772         38          0          8         45       2413   ui_g_zimiao_0.o
       496         48        768          8          0       5973   ui_interface.o
      2968        224          0          0       2840      10430   usart.o
       372         12          0          0          0       3656   user_lib.o
      2322        142          0         62        128      11223   vt13.o

    ----------------------------------------------------------------------
     91688       5226       2596       1528     412284    3359045   Object Totals
         0          0         32          0          0          0   (incl. Generated)
        82          0          2         22     388077          0   (incl. Padding)

    ----------------------------------------------------------------------

      Code (inc. data)   RO Data    RW Data    ZI Data      Debug   Library Member Name

       292         58          0          0          0        176   acosf.o
       312         54          0          0          0        176   asinf.o
       512        110        152          0          0        224   atan.o
       600         98          0          0          0        184   atan2f.o
       176         18          0          0          0        156   cos.o
       224         42         48          0          0        184   cos_i.o
       336         60          0          0          0        136   cosf.o
       116         60          0          0          0        696   dunder.o
        24          0          0          0          0        124   fabs.o
        48          0          0          0          0        124   fpclassify.o
        38          0          0          0          0        116   fpclassifyf.o
        44         12          0          0          0        464   funder.o
       112          0          0          0          0        116   poly.o
      2296        304        136          0          0        320   pow.o
         0          0          8          0          0          0   qnan.o
       784        138        200          0          0        172   rred.o
       340         24         32          0          0        160   rredf.o
       176         18          0          0          0        160   sin.o
       168         24         40          0          0        196   sin_i.o
       404         60          0          0          0        212   sinf.o
       208          0          0          0          0        280   sqrt.o
       120          0          0          0          0        272   sqrtf.o
        86          0          0          0          0          0   __dczerorl2.o
         0          0          0          0          0          0   entry.o
         0          0          0          0          0          0   entry10a.o
         0          0          0          0          0          0   entry11a.o
         8          4          0          0          0          0   entry2.o
         4          0          0          0          0          0   entry5.o
         0          0          0          0          0          0   entry7b.o
         0          0          0          0          0          0   entry8b.o
         8          4          0          0          0          0   entry9a.o
        12          6          0          4          0         68   errno.o
        30          0          0          0          0          0   handlers.o
        36          8          0          0          0         68   init.o
         0          0          0          0          0          0   iusefp.o
        30          0          0          0          0         68   llshl.o
        36          0          0          0          0         68   llsshr.o
        32          0          0          0          0         68   llushr.o
       108         16          0          0          0         84   malloc.o
        36          0          0          0          0         68   memcpya.o
        36          0          0          0          0        108   memseta.o
         0          0          0          8          0          0   mvars.o
      2342         90          0          0          0        668   printfa.o
        18          0          0          0          0         68   strcpy.o
        14          0          0          0          0         68   strlen.o
        44          0          0          0          0         80   uidiv.o
        98          0          0          0          0         92   uldiv.o
        48          0          0          0          0         68   cdrcmple.o
       334          0          0          0          0        148   dadd.o
       222          0          0          0          0        100   ddiv.o
       186          0          0          0          0        176   depilogue.o
        48          0          0          0          0         68   dfixul.o
       228          0          0          0          0         96   dmul.o
        46          0          0          0          0         80   dscalb.o

    ----------------------------------------------------------------------
     11436       1208        616         12          0       6960   Library Totals
        16          0          0          0          0          0   (incl. Padding)

    ----------------------------------------------------------------------

      Code (inc. data)   RO Data    RW Data    ZI Data      Debug   Library Name

      7330       1080        616          0          0       4648   m_wv.l
      2978        128          0         12          0       1576   mc_w.l
      1112          0          0          0          0        736   mf_w.l

    ----------------------------------------------------------------------
     11436       1208        616         12          0       6960   Library Totals

    ----------------------------------------------------------------------

==============================================================================


      Code (inc. data)   RO Data    RW Data    ZI Data      Debug   

    103124       6434       3212       1540     412284    3325093   Grand Totals
    103124       6434       3212        348     412284    3325093   ELF Image Totals (compressed)
    103124       6434       3212        348          0          0   ROM Totals

==============================================================================

    Total RO  Size (Code + RO Data)               106336 ( 103.84kB)
    Total RW  Size (RW Data + ZI Data)            413824 ( 404.13kB)
    Total ROM Size (Code + RO Data + RW Data)     106684 ( 104.18kB)

==============================================================================

